12:28:43 **** Build of project mmbellemusique_bsp ****
make -k all 
Running Make include in ps7_cortexa9_0/libsrc/dmaps_v2_3/src
make -C ps7_cortexa9_0/libsrc/dmaps_v2_3/src -s include  "SHELL=/bin/sh" "COMPILER=arm-none-eabi-gcc" "ARCHIVER=arm-none-eabi-ar" "COMPILER_FLAGS=  -O2 -c" "EXTRA_COMPILER_FLAGS=-mcpu=cortex-a9 -mfpu=vfpv3 -mfloat-abi=hard -nostartfiles -Wall -Wextra"
Running Make include in ps7_cortexa9_0/libsrc/ddrps_v1_0/src
make -C ps7_cortexa9_0/libsrc/ddrps_v1_0/src -s include  "SHELL=/bin/sh" "COMPILER=arm-none-eabi-gcc" "ARCHIVER=arm-none-eabi-ar" "COMPILER_FLAGS=  -O2 -c" "EXTRA_COMPILER_FLAGS=-mcpu=cortex-a9 -mfpu=vfpv3 -mfloat-abi=hard -nostartfiles -Wall -Wextra"
Running Make include in ps7_cortexa9_0/libsrc/qspips_v3_4/src
make -C ps7_cortexa9_0/libsrc/qspips_v3_4/src -s include  "SHELL=/bin/sh" "COMPILER=arm-none-eabi-gcc" "ARCHIVER=arm-none-eabi-ar" "COMPILER_FLAGS=  -O2 -c" "EXTRA_COMPILER_FLAGS=-mcpu=cortex-a9 -mfpu=vfpv3 -mfloat-abi=hard -nostartfiles -Wall -Wextra"
Running Make include in ps7_cortexa9_0/libsrc/gpiops_v3_3/src
make -C ps7_cortexa9_0/libsrc/gpiops_v3_3/src -s include  "SHELL=/bin/sh" "COMPILER=arm-none-eabi-gcc" "ARCHIVER=arm-none-eabi-ar" "COMPILER_FLAGS=  -O2 -c" "EXTRA_COMPILER_FLAGS=-mcpu=cortex-a9 -mfpu=vfpv3 -mfloat-abi=hard -nostartfiles -Wall -Wextra"
Running Make include in ps7_cortexa9_0/libsrc/llfifo_v5_2/src
make -C ps7_cortexa9_0/libsrc/llfifo_v5_2/src -s include  "SHELL=/bin/sh" "COMPILER=arm-none-eabi-gcc" "ARCHIVER=arm-none-eabi-ar" "COMPILER_FLAGS=  -O2 -c" "EXTRA_COMPILER_FLAGS=-mcpu=cortex-a9 -mfpu=vfpv3 -mfloat-abi=hard -nostartfiles -Wall -Wextra"
Running Make include in ps7_cortexa9_0/libsrc/scugic_v3_8/src
make -C ps7_cortexa9_0/libsrc/scugic_v3_8/src -s include  "SHELL=/bin/sh" "COMPILER=arm-none-eabi-gcc" "ARCHIVER=arm-none-eabi-ar" "COMPILER_FLAGS=  -O2 -c" "EXTRA_COMPILER_FLAGS=-mcpu=cortex-a9 -mfpu=vfpv3 -mfloat-abi=hard -nostartfiles -Wall -Wextra"
Running Make include in ps7_cortexa9_0/libsrc/scuwdt_v2_1/src
make -C ps7_cortexa9_0/libsrc/scuwdt_v2_1/src -s include  "SHELL=/bin/sh" "COMPILER=arm-none-eabi-gcc" "ARCHIVER=arm-none-eabi-ar" "COMPILER_FLAGS=  -O2 -c" "EXTRA_COMPILER_FLAGS=-mcpu=cortex-a9 -mfpu=vfpv3 -mfloat-abi=hard -nostartfiles -Wall -Wextra"
Running Make include in ps7_cortexa9_0/libsrc/standalone_v6_5/src
make -C ps7_cortexa9_0/libsrc/standalone_v6_5/src -s include  "SHELL=/bin/sh" "COMPILER=arm-none-eabi-gcc" "ARCHIVER=arm-none-eabi-ar" "COMPILER_FLAGS=  -O2 -c" "EXTRA_COMPILER_FLAGS=-mcpu=cortex-a9 -mfpu=vfpv3 -mfloat-abi=hard -nostartfiles -Wall -Wextra"
Running Make include in ps7_cortexa9_0/libsrc/cpu_cortexa9_v2_5/src
make -C ps7_cortexa9_0/libsrc/cpu_cortexa9_v2_5/src -s include  "SHELL=/bin/sh" "COMPILER=arm-none-eabi-gcc" "ARCHIVER=arm-none-eabi-ar" "COMPILER_FLAGS=  -O2 -c" "EXTRA_COMPILER_FLAGS=-mcpu=cortex-a9 -mfpu=vfpv3 -mfloat-abi=hard -nostartfiles -Wall -Wextra"
Running Make include in ps7_cortexa9_0/libsrc/xadcps_v2_2/src
make -C ps7_cortexa9_0/libsrc/xadcps_v2_2/src -s include  "SHELL=/bin/sh" "COMPILER=arm-none-eabi-gcc" "ARCHIVER=arm-none-eabi-ar" "COMPILER_FLAGS=  -O2 -c" "EXTRA_COMPILER_FLAGS=-mcpu=cortex-a9 -mfpu=vfpv3 -mfloat-abi=hard -nostartfiles -Wall -Wextra"
Running Make include in ps7_cortexa9_0/libsrc/devcfg_v3_5/src
make -C ps7_cortexa9_0/libsrc/devcfg_v3_5/src -s include  "SHELL=/bin/sh" "COMPILER=arm-none-eabi-gcc" "ARCHIVER=arm-none-eabi-ar" "COMPILER_FLAGS=  -O2 -c" "EXTRA_COMPILER_FLAGS=-mcpu=cortex-a9 -mfpu=vfpv3 -mfloat-abi=hard -nostartfiles -Wall -Wextra"
Running Make include in ps7_cortexa9_0/libsrc/sdps_v3_3/src
make -C ps7_cortexa9_0/libsrc/sdps_v3_3/src -s include  "SHELL=/bin/sh" "COMPILER=arm-none-eabi-gcc" "ARCHIVER=arm-none-eabi-ar" "COMPILER_FLAGS=  -O2 -c" "EXTRA_COMPILER_FLAGS=-mcpu=cortex-a9 -mfpu=vfpv3 -mfloat-abi=hard -nostartfiles -Wall -Wextra"
Running Make include in ps7_cortexa9_0/libsrc/emacps_v3_6/src
make -C ps7_cortexa9_0/libsrc/emacps_v3_6/src -s include  "SHELL=/bin/sh" "COMPILER=arm-none-eabi-gcc" "ARCHIVER=arm-none-eabi-ar" "COMPILER_FLAGS=  -O2 -c" "EXTRA_COMPILER_FLAGS=-mcpu=cortex-a9 -mfpu=vfpv3 -mfloat-abi=hard -nostartfiles -Wall -Wextra"
Running Make include in ps7_cortexa9_0/libsrc/usbps_v2_4/src
make -C ps7_cortexa9_0/libsrc/usbps_v2_4/src -s include  "SHELL=/bin/sh" "COMPILER=arm-none-eabi-gcc" "ARCHIVER=arm-none-eabi-ar" "COMPILER_FLAGS=  -O2 -c" "EXTRA_COMPILER_FLAGS=-mcpu=cortex-a9 -mfpu=vfpv3 -mfloat-abi=hard -nostartfiles -Wall -Wextra"
Running Make include in ps7_cortexa9_0/libsrc/coresightps_dcc_v1_4/src
make -C ps7_cortexa9_0/libsrc/coresightps_dcc_v1_4/src -s include  "SHELL=/bin/sh" "COMPILER=arm-none-eabi-gcc" "ARCHIVER=arm-none-eabi-ar" "COMPILER_FLAGS=  -O2 -c" "EXTRA_COMPILER_FLAGS=-mcpu=cortex-a9 -mfpu=vfpv3 -mfloat-abi=hard -nostartfiles -Wall -Wextra"
Running Make include in ps7_cortexa9_0/libsrc/uartps_v3_5/src
make -C ps7_cortexa9_0/libsrc/uartps_v3_5/src -s include  "SHELL=/bin/sh" "COMPILER=arm-none-eabi-gcc" "ARCHIVER=arm-none-eabi-ar" "COMPILER_FLAGS=  -O2 -c" "EXTRA_COMPILER_FLAGS=-mcpu=cortex-a9 -mfpu=vfpv3 -mfloat-abi=hard -nostartfiles -Wall -Wextra"
Running Make include in ps7_cortexa9_0/libsrc/scutimer_v2_1/src
make -C ps7_cortexa9_0/libsrc/scutimer_v2_1/src -s include  "SHELL=/bin/sh" "COMPILER=arm-none-eabi-gcc" "ARCHIVER=arm-none-eabi-ar" "COMPILER_FLAGS=  -O2 -c" "EXTRA_COMPILER_FLAGS=-mcpu=cortex-a9 -mfpu=vfpv3 -mfloat-abi=hard -nostartfiles -Wall -Wextra"
Running Make libs in ps7_cortexa9_0/libsrc/dmaps_v2_3/src
make -C ps7_cortexa9_0/libsrc/dmaps_v2_3/src -s libs  "SHELL=/bin/sh" "COMPILER=arm-none-eabi-gcc" "ARCHIVER=arm-none-eabi-ar" "COMPILER_FLAGS=  -O2 -c" "EXTRA_COMPILER_FLAGS=-mcpu=cortex-a9 -mfpu=vfpv3 -mfloat-abi=hard -nostartfiles -Wall -Wextra"
Compiling dmaps
arm-none-eabi-ar: creating ../../../lib/libxil.a
Running Make libs in ps7_cortexa9_0/libsrc/ddrps_v1_0/src
make -C ps7_cortexa9_0/libsrc/ddrps_v1_0/src -s libs  "SHELL=/bin/sh" "COMPILER=arm-none-eabi-gcc" "ARCHIVER=arm-none-eabi-ar" "COMPILER_FLAGS=  -O2 -c" "EXTRA_COMPILER_FLAGS=-mcpu=cortex-a9 -mfpu=vfpv3 -mfloat-abi=hard -nostartfiles -Wall -Wextra"
Compiling ddrps
Running Make libs in ps7_cortexa9_0/libsrc/qspips_v3_4/src
make -C ps7_cortexa9_0/libsrc/qspips_v3_4/src -s libs  "SHELL=/bin/sh" "COMPILER=arm-none-eabi-gcc" "ARCHIVER=arm-none-eabi-ar" "COMPILER_FLAGS=  -O2 -c" "EXTRA_COMPILER_FLAGS=-mcpu=cortex-a9 -mfpu=vfpv3 -mfloat-abi=hard -nostartfiles -Wall -Wextra"
Compiling qspips
Running Make libs in ps7_cortexa9_0/libsrc/gpiops_v3_3/src
make -C ps7_cortexa9_0/libsrc/gpiops_v3_3/src -s libs  "SHELL=/bin/sh" "COMPILER=arm-none-eabi-gcc" "ARCHIVER=arm-none-eabi-ar" "COMPILER_FLAGS=  -O2 -c" "EXTRA_COMPILER_FLAGS=-mcpu=cortex-a9 -mfpu=vfpv3 -mfloat-abi=hard -nostartfiles -Wall -Wextra"
Compiling gpiops
Running Make libs in ps7_cortexa9_0/libsrc/llfifo_v5_2/src
make -C ps7_cortexa9_0/libsrc/llfifo_v5_2/src -s libs  "SHELL=/bin/sh" "COMPILER=arm-none-eabi-gcc" "ARCHIVER=arm-none-eabi-ar" "COMPILER_FLAGS=  -O2 -c" "EXTRA_COMPILER_FLAGS=-mcpu=cortex-a9 -mfpu=vfpv3 -mfloat-abi=hard -nostartfiles -Wall -Wextra"
Compiling llfifo
Running Make libs in ps7_cortexa9_0/libsrc/scugic_v3_8/src
make -C ps7_cortexa9_0/libsrc/scugic_v3_8/src -s libs  "SHELL=/bin/sh" "COMPILER=arm-none-eabi-gcc" "ARCHIVER=arm-none-eabi-ar" "COMPILER_FLAGS=  -O2 -c" "EXTRA_COMPILER_FLAGS=-mcpu=cortex-a9 -mfpu=vfpv3 -mfloat-abi=hard -nostartfiles -Wall -Wextra"
Compiling scugic
Running Make libs in ps7_cortexa9_0/libsrc/scuwdt_v2_1/src
make -C ps7_cortexa9_0/libsrc/scuwdt_v2_1/src -s libs  "SHELL=/bin/sh" "COMPILER=arm-none-eabi-gcc" "ARCHIVER=arm-none-eabi-ar" "COMPILER_FLAGS=  -O2 -c" "EXTRA_COMPILER_FLAGS=-mcpu=cortex-a9 -mfpu=vfpv3 -mfloat-abi=hard -nostartfiles -Wall -Wextra"
Compiling scuwdt
Running Make libs in ps7_cortexa9_0/libsrc/standalone_v6_5/src
make -C ps7_cortexa9_0/libsrc/standalone_v6_5/src -s libs  "SHELL=/bin/sh" "COMPILER=arm-none-eabi-gcc" "ARCHIVER=arm-none-eabi-ar" "COMPILER_FLAGS=  -O2 -c" "EXTRA_COMPILER_FLAGS=-mcpu=cortex-a9 -mfpu=vfpv3 -mfloat-abi=hard -nostartfiles -Wall -Wextra"
Compiling standalone
Running Make libs in ps7_cortexa9_0/libsrc/cpu_cortexa9_v2_5/src
make -C ps7_cortexa9_0/libsrc/cpu_cortexa9_v2_5/src -s libs  "SHELL=/bin/sh" "COMPILER=arm-none-eabi-gcc" "ARCHIVER=arm-none-eabi-ar" "COMPILER_FLAGS=  -O2 -c" "EXTRA_COMPILER_FLAGS=-mcpu=cortex-a9 -mfpu=vfpv3 -mfloat-abi=hard -nostartfiles -Wall -Wextra"
Compiling cpu_cortexa9
Running Make libs in ps7_cortexa9_0/libsrc/xadcps_v2_2/src
make -C ps7_cortexa9_0/libsrc/xadcps_v2_2/src -s libs  "SHELL=/bin/sh" "COMPILER=arm-none-eabi-gcc" "ARCHIVER=arm-none-eabi-ar" "COMPILER_FLAGS=  -O2 -c" "EXTRA_COMPILER_FLAGS=-mcpu=cortex-a9 -mfpu=vfpv3 -mfloat-abi=hard -nostartfiles -Wall -Wextra"
Compiling xadcps
Running Make libs in ps7_cortexa9_0/libsrc/devcfg_v3_5/src
make -C ps7_cortexa9_0/libsrc/devcfg_v3_5/src -s libs  "SHELL=/bin/sh" "COMPILER=arm-none-eabi-gcc" "ARCHIVER=arm-none-eabi-ar" "COMPILER_FLAGS=  -O2 -c" "EXTRA_COMPILER_FLAGS=-mcpu=cortex-a9 -mfpu=vfpv3 -mfloat-abi=hard -nostartfiles -Wall -Wextra"
Compiling devcfg
Running Make libs in ps7_cortexa9_0/libsrc/sdps_v3_3/src
make -C ps7_cortexa9_0/libsrc/sdps_v3_3/src -s libs  "SHELL=/bin/sh" "COMPILER=arm-none-eabi-gcc" "ARCHIVER=arm-none-eabi-ar" "COMPILER_FLAGS=  -O2 -c" "EXTRA_COMPILER_FLAGS=-mcpu=cortex-a9 -mfpu=vfpv3 -mfloat-abi=hard -nostartfiles -Wall -Wextra"
Compiling sdps
Running Make libs in ps7_cortexa9_0/libsrc/emacps_v3_6/src
make -C ps7_cortexa9_0/libsrc/emacps_v3_6/src -s libs  "SHELL=/bin/sh" "COMPILER=arm-none-eabi-gcc" "ARCHIVER=arm-none-eabi-ar" "COMPILER_FLAGS=  -O2 -c" "EXTRA_COMPILER_FLAGS=-mcpu=cortex-a9 -mfpu=vfpv3 -mfloat-abi=hard -nostartfiles -Wall -Wextra"
Compiling emacps
Running Make libs in ps7_cortexa9_0/libsrc/usbps_v2_4/src
make -C ps7_cortexa9_0/libsrc/usbps_v2_4/src -s libs  "SHELL=/bin/sh" "COMPILER=arm-none-eabi-gcc" "ARCHIVER=arm-none-eabi-ar" "COMPILER_FLAGS=  -O2 -c" "EXTRA_COMPILER_FLAGS=-mcpu=cortex-a9 -mfpu=vfpv3 -mfloat-abi=hard -nostartfiles -Wall -Wextra"
Compiling usbps
Running Make libs in ps7_cortexa9_0/libsrc/coresightps_dcc_v1_4/src
make -C ps7_cortexa9_0/libsrc/coresightps_dcc_v1_4/src -s libs  "SHELL=/bin/sh" "COMPILER=arm-none-eabi-gcc" "ARCHIVER=arm-none-eabi-ar" "COMPILER_FLAGS=  -O2 -c" "EXTRA_COMPILER_FLAGS=-mcpu=cortex-a9 -mfpu=vfpv3 -mfloat-abi=hard -nostartfiles -Wall -Wextra"
Compiling coresightps_dcc
Running Make libs in ps7_cortexa9_0/libsrc/uartps_v3_5/src
make -C ps7_cortexa9_0/libsrc/uartps_v3_5/src -s libs  "SHELL=/bin/sh" "COMPILER=arm-none-eabi-gcc" "ARCHIVER=arm-none-eabi-ar" "COMPILER_FLAGS=  -O2 -c" "EXTRA_COMPILER_FLAGS=-mcpu=cortex-a9 -mfpu=vfpv3 -mfloat-abi=hard -nostartfiles -Wall -Wextra"
Compiling uartps
Running Make libs in ps7_cortexa9_0/libsrc/scutimer_v2_1/src
make -C ps7_cortexa9_0/libsrc/scutimer_v2_1/src -s libs  "SHELL=/bin/sh" "COMPILER=arm-none-eabi-gcc" "ARCHIVER=arm-none-eabi-ar" "COMPILER_FLAGS=  -O2 -c" "EXTRA_COMPILER_FLAGS=-mcpu=cortex-a9 -mfpu=vfpv3 -mfloat-abi=hard -nostartfiles -Wall -Wextra"
Compiling scutimer
Finished building libraries
12:28:49 **** Build of configuration Debug for project mmbellemusique ****
make pre-build main-build 
a9-linaro-pre-build-step
 
Building file: ../src/helloworld.c
Invoking: ARM v7 gcc compiler
arm-none-eabi-gcc -Wall -O0 -g3 -c -fmessage-length=0 -MT"src/helloworld.o" -mcpu=cortex-a9 -mfpu=vfpv3 -mfloat-abi=hard -I../../mmbellemusique_bsp/ps7_cortexa9_0/include -MMD -MP -MF"src/helloworld.d" -MT"src/helloworld.o" -o "src/helloworld.o" "../src/helloworld.c"
Finished building: ../src/helloworld.c
 
Building file: ../src/platform.c
Invoking: ARM v7 gcc compiler
arm-none-eabi-gcc -Wall -O0 -g3 -c -fmessage-length=0 -MT"src/platform.o" -mcpu=cortex-a9 -mfpu=vfpv3 -mfloat-abi=hard -I../../mmbellemusique_bsp/ps7_cortexa9_0/include -MMD -MP -MF"src/platform.d" -MT"src/platform.o" -o "src/platform.o" "../src/platform.c"
Finished building: ../src/platform.c
 
Building target: mmbellemusique.elf
Invoking: ARM v7 gcc linker
arm-none-eabi-gcc -mcpu=cortex-a9 -mfpu=vfpv3 -mfloat-abi=hard -Wl,-build-id=none -specs=Xilinx.spec -Wl,-T -Wl,../src/lscript.ld -L../../mmbellemusique_bsp/ps7_cortexa9_0/lib -o "mmbellemusique.elf"  ./src/helloworld.o ./src/platform.o   -Wl,--start-group,-lxil,-lgcc,-lc,--end-group
Finished building target: mmbellemusique.elf
 
Invoking: ARM v7 Print Size
arm-none-eabi-size mmbellemusique.elf  |tee "mmbellemusique.elf.size"
   text	   data	    bss	    dec	    hex	filename
  19384	   1148	  22568	  43100	   a85c	mmbellemusique.elf
Finished building: mmbellemusique.elf.size
 
12:29:25 **** Build of project ok_bsp ****
make -k all 
Running Make include in ps7_cortexa9_0/libsrc/dmaps_v2_3/src
make -C ps7_cortexa9_0/libsrc/dmaps_v2_3/src -s include  "SHELL=/bin/sh" "COMPILER=arm-none-eabi-gcc" "ARCHIVER=arm-none-eabi-ar" "COMPILER_FLAGS=  -O2 -c" "EXTRA_COMPILER_FLAGS=-mcpu=cortex-a9 -mfpu=vfpv3 -mfloat-abi=hard -nostartfiles -Wall -Wextra"
Running Make include in ps7_cortexa9_0/libsrc/ddrps_v1_0/src
make -C ps7_cortexa9_0/libsrc/ddrps_v1_0/src -s include  "SHELL=/bin/sh" "COMPILER=arm-none-eabi-gcc" "ARCHIVER=arm-none-eabi-ar" "COMPILER_FLAGS=  -O2 -c" "EXTRA_COMPILER_FLAGS=-mcpu=cortex-a9 -mfpu=vfpv3 -mfloat-abi=hard -nostartfiles -Wall -Wextra"
Running Make include in ps7_cortexa9_0/libsrc/qspips_v3_4/src
make -C ps7_cortexa9_0/libsrc/qspips_v3_4/src -s include  "SHELL=/bin/sh" "COMPILER=arm-none-eabi-gcc" "ARCHIVER=arm-none-eabi-ar" "COMPILER_FLAGS=  -O2 -c" "EXTRA_COMPILER_FLAGS=-mcpu=cortex-a9 -mfpu=vfpv3 -mfloat-abi=hard -nostartfiles -Wall -Wextra"
Running Make include in ps7_cortexa9_0/libsrc/gpiops_v3_3/src
make -C ps7_cortexa9_0/libsrc/gpiops_v3_3/src -s include  "SHELL=/bin/sh" "COMPILER=arm-none-eabi-gcc" "ARCHIVER=arm-none-eabi-ar" "COMPILER_FLAGS=  -O2 -c" "EXTRA_COMPILER_FLAGS=-mcpu=cortex-a9 -mfpu=vfpv3 -mfloat-abi=hard -nostartfiles -Wall -Wextra"
Running Make include in ps7_cortexa9_0/libsrc/llfifo_v5_2/src
make -C ps7_cortexa9_0/libsrc/llfifo_v5_2/src -s include  "SHELL=/bin/sh" "COMPILER=arm-none-eabi-gcc" "ARCHIVER=arm-none-eabi-ar" "COMPILER_FLAGS=  -O2 -c" "EXTRA_COMPILER_FLAGS=-mcpu=cortex-a9 -mfpu=vfpv3 -mfloat-abi=hard -nostartfiles -Wall -Wextra"
Running Make include in ps7_cortexa9_0/libsrc/scugic_v3_8/src
make -C ps7_cortexa9_0/libsrc/scugic_v3_8/src -s include  "SHELL=/bin/sh" "COMPILER=arm-none-eabi-gcc" "ARCHIVER=arm-none-eabi-ar" "COMPILER_FLAGS=  -O2 -c" "EXTRA_COMPILER_FLAGS=-mcpu=cortex-a9 -mfpu=vfpv3 -mfloat-abi=hard -nostartfiles -Wall -Wextra"
Running Make include in ps7_cortexa9_0/libsrc/scuwdt_v2_1/src
make -C ps7_cortexa9_0/libsrc/scuwdt_v2_1/src -s include  "SHELL=/bin/sh" "COMPILER=arm-none-eabi-gcc" "ARCHIVER=arm-none-eabi-ar" "COMPILER_FLAGS=  -O2 -c" "EXTRA_COMPILER_FLAGS=-mcpu=cortex-a9 -mfpu=vfpv3 -mfloat-abi=hard -nostartfiles -Wall -Wextra"
Running Make include in ps7_cortexa9_0/libsrc/standalone_v6_5/src
make -C ps7_cortexa9_0/libsrc/standalone_v6_5/src -s include  "SHELL=/bin/sh" "COMPILER=arm-none-eabi-gcc" "ARCHIVER=arm-none-eabi-ar" "COMPILER_FLAGS=  -O2 -c" "EXTRA_COMPILER_FLAGS=-mcpu=cortex-a9 -mfpu=vfpv3 -mfloat-abi=hard -nostartfiles -Wall -Wextra"
Running Make include in ps7_cortexa9_0/libsrc/cpu_cortexa9_v2_5/src
make -C ps7_cortexa9_0/libsrc/cpu_cortexa9_v2_5/src -s include  "SHELL=/bin/sh" "COMPILER=arm-none-eabi-gcc" "ARCHIVER=arm-none-eabi-ar" "COMPILER_FLAGS=  -O2 -c" "EXTRA_COMPILER_FLAGS=-mcpu=cortex-a9 -mfpu=vfpv3 -mfloat-abi=hard -nostartfiles -Wall -Wextra"
Running Make include in ps7_cortexa9_0/libsrc/xadcps_v2_2/src
make -C ps7_cortexa9_0/libsrc/xadcps_v2_2/src -s include  "SHELL=/bin/sh" "COMPILER=arm-none-eabi-gcc" "ARCHIVER=arm-none-eabi-ar" "COMPILER_FLAGS=  -O2 -c" "EXTRA_COMPILER_FLAGS=-mcpu=cortex-a9 -mfpu=vfpv3 -mfloat-abi=hard -nostartfiles -Wall -Wextra"
Running Make include in ps7_cortexa9_0/libsrc/devcfg_v3_5/src
make -C ps7_cortexa9_0/libsrc/devcfg_v3_5/src -s include  "SHELL=/bin/sh" "COMPILER=arm-none-eabi-gcc" "ARCHIVER=arm-none-eabi-ar" "COMPILER_FLAGS=  -O2 -c" "EXTRA_COMPILER_FLAGS=-mcpu=cortex-a9 -mfpu=vfpv3 -mfloat-abi=hard -nostartfiles -Wall -Wextra"
Running Make include in ps7_cortexa9_0/libsrc/sdps_v3_3/src
make -C ps7_cortexa9_0/libsrc/sdps_v3_3/src -s include  "SHELL=/bin/sh" "COMPILER=arm-none-eabi-gcc" "ARCHIVER=arm-none-eabi-ar" "COMPILER_FLAGS=  -O2 -c" "EXTRA_COMPILER_FLAGS=-mcpu=cortex-a9 -mfpu=vfpv3 -mfloat-abi=hard -nostartfiles -Wall -Wextra"
Running Make include in ps7_cortexa9_0/libsrc/emacps_v3_6/src
make -C ps7_cortexa9_0/libsrc/emacps_v3_6/src -s include  "SHELL=/bin/sh" "COMPILER=arm-none-eabi-gcc" "ARCHIVER=arm-none-eabi-ar" "COMPILER_FLAGS=  -O2 -c" "EXTRA_COMPILER_FLAGS=-mcpu=cortex-a9 -mfpu=vfpv3 -mfloat-abi=hard -nostartfiles -Wall -Wextra"
Running Make include in ps7_cortexa9_0/libsrc/usbps_v2_4/src
make -C ps7_cortexa9_0/libsrc/usbps_v2_4/src -s include  "SHELL=/bin/sh" "COMPILER=arm-none-eabi-gcc" "ARCHIVER=arm-none-eabi-ar" "COMPILER_FLAGS=  -O2 -c" "EXTRA_COMPILER_FLAGS=-mcpu=cortex-a9 -mfpu=vfpv3 -mfloat-abi=hard -nostartfiles -Wall -Wextra"
Running Make include in ps7_cortexa9_0/libsrc/coresightps_dcc_v1_4/src
make -C ps7_cortexa9_0/libsrc/coresightps_dcc_v1_4/src -s include  "SHELL=/bin/sh" "COMPILER=arm-none-eabi-gcc" "ARCHIVER=arm-none-eabi-ar" "COMPILER_FLAGS=  -O2 -c" "EXTRA_COMPILER_FLAGS=-mcpu=cortex-a9 -mfpu=vfpv3 -mfloat-abi=hard -nostartfiles -Wall -Wextra"
Running Make include in ps7_cortexa9_0/libsrc/uartps_v3_5/src
make -C ps7_cortexa9_0/libsrc/uartps_v3_5/src -s include  "SHELL=/bin/sh" "COMPILER=arm-none-eabi-gcc" "ARCHIVER=arm-none-eabi-ar" "COMPILER_FLAGS=  -O2 -c" "EXTRA_COMPILER_FLAGS=-mcpu=cortex-a9 -mfpu=vfpv3 -mfloat-abi=hard -nostartfiles -Wall -Wextra"
Running Make include in ps7_cortexa9_0/libsrc/scutimer_v2_1/src
make -C ps7_cortexa9_0/libsrc/scutimer_v2_1/src -s include  "SHELL=/bin/sh" "COMPILER=arm-none-eabi-gcc" "ARCHIVER=arm-none-eabi-ar" "COMPILER_FLAGS=  -O2 -c" "EXTRA_COMPILER_FLAGS=-mcpu=cortex-a9 -mfpu=vfpv3 -mfloat-abi=hard -nostartfiles -Wall -Wextra"
Running Make libs in ps7_cortexa9_0/libsrc/dmaps_v2_3/src
make -C ps7_cortexa9_0/libsrc/dmaps_v2_3/src -s libs  "SHELL=/bin/sh" "COMPILER=arm-none-eabi-gcc" "ARCHIVER=arm-none-eabi-ar" "COMPILER_FLAGS=  -O2 -c" "EXTRA_COMPILER_FLAGS=-mcpu=cortex-a9 -mfpu=vfpv3 -mfloat-abi=hard -nostartfiles -Wall -Wextra"
Compiling dmaps
arm-none-eabi-ar: creating ../../../lib/libxil.a
Running Make libs in ps7_cortexa9_0/libsrc/ddrps_v1_0/src
make -C ps7_cortexa9_0/libsrc/ddrps_v1_0/src -s libs  "SHELL=/bin/sh" "COMPILER=arm-none-eabi-gcc" "ARCHIVER=arm-none-eabi-ar" "COMPILER_FLAGS=  -O2 -c" "EXTRA_COMPILER_FLAGS=-mcpu=cortex-a9 -mfpu=vfpv3 -mfloat-abi=hard -nostartfiles -Wall -Wextra"
Compiling ddrps
Running Make libs in ps7_cortexa9_0/libsrc/qspips_v3_4/src
make -C ps7_cortexa9_0/libsrc/qspips_v3_4/src -s libs  "SHELL=/bin/sh" "COMPILER=arm-none-eabi-gcc" "ARCHIVER=arm-none-eabi-ar" "COMPILER_FLAGS=  -O2 -c" "EXTRA_COMPILER_FLAGS=-mcpu=cortex-a9 -mfpu=vfpv3 -mfloat-abi=hard -nostartfiles -Wall -Wextra"
Compiling qspips
Running Make libs in ps7_cortexa9_0/libsrc/gpiops_v3_3/src
make -C ps7_cortexa9_0/libsrc/gpiops_v3_3/src -s libs  "SHELL=/bin/sh" "COMPILER=arm-none-eabi-gcc" "ARCHIVER=arm-none-eabi-ar" "COMPILER_FLAGS=  -O2 -c" "EXTRA_COMPILER_FLAGS=-mcpu=cortex-a9 -mfpu=vfpv3 -mfloat-abi=hard -nostartfiles -Wall -Wextra"
Compiling gpiops
Running Make libs in ps7_cortexa9_0/libsrc/llfifo_v5_2/src
make -C ps7_cortexa9_0/libsrc/llfifo_v5_2/src -s libs  "SHELL=/bin/sh" "COMPILER=arm-none-eabi-gcc" "ARCHIVER=arm-none-eabi-ar" "COMPILER_FLAGS=  -O2 -c" "EXTRA_COMPILER_FLAGS=-mcpu=cortex-a9 -mfpu=vfpv3 -mfloat-abi=hard -nostartfiles -Wall -Wextra"
Compiling llfifo
Running Make libs in ps7_cortexa9_0/libsrc/scugic_v3_8/src
make -C ps7_cortexa9_0/libsrc/scugic_v3_8/src -s libs  "SHELL=/bin/sh" "COMPILER=arm-none-eabi-gcc" "ARCHIVER=arm-none-eabi-ar" "COMPILER_FLAGS=  -O2 -c" "EXTRA_COMPILER_FLAGS=-mcpu=cortex-a9 -mfpu=vfpv3 -mfloat-abi=hard -nostartfiles -Wall -Wextra"
Compiling scugic
Running Make libs in ps7_cortexa9_0/libsrc/scuwdt_v2_1/src
make -C ps7_cortexa9_0/libsrc/scuwdt_v2_1/src -s libs  "SHELL=/bin/sh" "COMPILER=arm-none-eabi-gcc" "ARCHIVER=arm-none-eabi-ar" "COMPILER_FLAGS=  -O2 -c" "EXTRA_COMPILER_FLAGS=-mcpu=cortex-a9 -mfpu=vfpv3 -mfloat-abi=hard -nostartfiles -Wall -Wextra"
Compiling scuwdt
Running Make libs in ps7_cortexa9_0/libsrc/standalone_v6_5/src
make -C ps7_cortexa9_0/libsrc/standalone_v6_5/src -s libs  "SHELL=/bin/sh" "COMPILER=arm-none-eabi-gcc" "ARCHIVER=arm-none-eabi-ar" "COMPILER_FLAGS=  -O2 -c" "EXTRA_COMPILER_FLAGS=-mcpu=cortex-a9 -mfpu=vfpv3 -mfloat-abi=hard -nostartfiles -Wall -Wextra"
Compiling standalone
Running Make libs in ps7_cortexa9_0/libsrc/cpu_cortexa9_v2_5/src
make -C ps7_cortexa9_0/libsrc/cpu_cortexa9_v2_5/src -s libs  "SHELL=/bin/sh" "COMPILER=arm-none-eabi-gcc" "ARCHIVER=arm-none-eabi-ar" "COMPILER_FLAGS=  -O2 -c" "EXTRA_COMPILER_FLAGS=-mcpu=cortex-a9 -mfpu=vfpv3 -mfloat-abi=hard -nostartfiles -Wall -Wextra"
Compiling cpu_cortexa9
Running Make libs in ps7_cortexa9_0/libsrc/xadcps_v2_2/src
make -C ps7_cortexa9_0/libsrc/xadcps_v2_2/src -s libs  "SHELL=/bin/sh" "COMPILER=arm-none-eabi-gcc" "ARCHIVER=arm-none-eabi-ar" "COMPILER_FLAGS=  -O2 -c" "EXTRA_COMPILER_FLAGS=-mcpu=cortex-a9 -mfpu=vfpv3 -mfloat-abi=hard -nostartfiles -Wall -Wextra"
Compiling xadcps
Running Make libs in ps7_cortexa9_0/libsrc/devcfg_v3_5/src
make -C ps7_cortexa9_0/libsrc/devcfg_v3_5/src -s libs  "SHELL=/bin/sh" "COMPILER=arm-none-eabi-gcc" "ARCHIVER=arm-none-eabi-ar" "COMPILER_FLAGS=  -O2 -c" "EXTRA_COMPILER_FLAGS=-mcpu=cortex-a9 -mfpu=vfpv3 -mfloat-abi=hard -nostartfiles -Wall -Wextra"
Compiling devcfg
Running Make libs in ps7_cortexa9_0/libsrc/sdps_v3_3/src
make -C ps7_cortexa9_0/libsrc/sdps_v3_3/src -s libs  "SHELL=/bin/sh" "COMPILER=arm-none-eabi-gcc" "ARCHIVER=arm-none-eabi-ar" "COMPILER_FLAGS=  -O2 -c" "EXTRA_COMPILER_FLAGS=-mcpu=cortex-a9 -mfpu=vfpv3 -mfloat-abi=hard -nostartfiles -Wall -Wextra"
Compiling sdps
Running Make libs in ps7_cortexa9_0/libsrc/emacps_v3_6/src
make -C ps7_cortexa9_0/libsrc/emacps_v3_6/src -s libs  "SHELL=/bin/sh" "COMPILER=arm-none-eabi-gcc" "ARCHIVER=arm-none-eabi-ar" "COMPILER_FLAGS=  -O2 -c" "EXTRA_COMPILER_FLAGS=-mcpu=cortex-a9 -mfpu=vfpv3 -mfloat-abi=hard -nostartfiles -Wall -Wextra"
Compiling emacps
Running Make libs in ps7_cortexa9_0/libsrc/usbps_v2_4/src
make -C ps7_cortexa9_0/libsrc/usbps_v2_4/src -s libs  "SHELL=/bin/sh" "COMPILER=arm-none-eabi-gcc" "ARCHIVER=arm-none-eabi-ar" "COMPILER_FLAGS=  -O2 -c" "EXTRA_COMPILER_FLAGS=-mcpu=cortex-a9 -mfpu=vfpv3 -mfloat-abi=hard -nostartfiles -Wall -Wextra"
Compiling usbps
Running Make libs in ps7_cortexa9_0/libsrc/coresightps_dcc_v1_4/src
make -C ps7_cortexa9_0/libsrc/coresightps_dcc_v1_4/src -s libs  "SHELL=/bin/sh" "COMPILER=arm-none-eabi-gcc" "ARCHIVER=arm-none-eabi-ar" "COMPILER_FLAGS=  -O2 -c" "EXTRA_COMPILER_FLAGS=-mcpu=cortex-a9 -mfpu=vfpv3 -mfloat-abi=hard -nostartfiles -Wall -Wextra"
Compiling coresightps_dcc
Running Make libs in ps7_cortexa9_0/libsrc/uartps_v3_5/src
make -C ps7_cortexa9_0/libsrc/uartps_v3_5/src -s libs  "SHELL=/bin/sh" "COMPILER=arm-none-eabi-gcc" "ARCHIVER=arm-none-eabi-ar" "COMPILER_FLAGS=  -O2 -c" "EXTRA_COMPILER_FLAGS=-mcpu=cortex-a9 -mfpu=vfpv3 -mfloat-abi=hard -nostartfiles -Wall -Wextra"
Compiling uartps
Running Make libs in ps7_cortexa9_0/libsrc/scutimer_v2_1/src
make -C ps7_cortexa9_0/libsrc/scutimer_v2_1/src -s libs  "SHELL=/bin/sh" "COMPILER=arm-none-eabi-gcc" "ARCHIVER=arm-none-eabi-ar" "COMPILER_FLAGS=  -O2 -c" "EXTRA_COMPILER_FLAGS=-mcpu=cortex-a9 -mfpu=vfpv3 -mfloat-abi=hard -nostartfiles -Wall -Wextra"
Compiling scutimer
Finished building libraries
12:29:31 **** Build of configuration Debug for project ok ****
make pre-build main-build 
a9-linaro-pre-build-step
 
Building file: ../src/testperiph.c
Invoking: ARM v7 gcc compiler
arm-none-eabi-gcc -Wall -O0 -g3 -c -fmessage-length=0 -MT"src/testperiph.o" -mcpu=cortex-a9 -mfpu=vfpv3 -mfloat-abi=hard -I../../ok_bsp/ps7_cortexa9_0/include -MMD -MP -MF"src/testperiph.d" -MT"src/testperiph.o" -o "src/testperiph.o" "../src/testperiph.c"
Finished building: ../src/testperiph.c
 
Building file: ../src/xdevcfg_selftest_example.c
Invoking: ARM v7 gcc compiler
arm-none-eabi-gcc -Wall -O0 -g3 -c -fmessage-length=0 -MT"src/xdevcfg_selftest_example.o" -mcpu=cortex-a9 -mfpu=vfpv3 -mfloat-abi=hard -I../../ok_bsp/ps7_cortexa9_0/include -MMD -MP -MF"src/xdevcfg_selftest_example.d" -MT"src/xdevcfg_selftest_example.o" -o "src/xdevcfg_selftest_example.o" "../src/xdevcfg_selftest_example.c"
Finished building: ../src/xdevcfg_selftest_example.c
 
Building file: ../src/xdmaps_example_w_intr.c
Invoking: ARM v7 gcc compiler
arm-none-eabi-gcc -Wall -O0 -g3 -c -fmessage-length=0 -MT"src/xdmaps_example_w_intr.o" -mcpu=cortex-a9 -mfpu=vfpv3 -mfloat-abi=hard -I../../ok_bsp/ps7_cortexa9_0/include -MMD -MP -MF"src/xdmaps_example_w_intr.d" -MT"src/xdmaps_example_w_intr.o" -o "src/xdmaps_example_w_intr.o" "../src/xdmaps_example_w_intr.c"
Finished building: ../src/xdmaps_example_w_intr.c
 
Building file: ../src/xemacps_example_intr_dma.c
Invoking: ARM v7 gcc compiler
arm-none-eabi-gcc -Wall -O0 -g3 -c -fmessage-length=0 -MT"src/xemacps_example_intr_dma.o" -mcpu=cortex-a9 -mfpu=vfpv3 -mfloat-abi=hard -I../../ok_bsp/ps7_cortexa9_0/include -MMD -MP -MF"src/xemacps_example_intr_dma.d" -MT"src/xemacps_example_intr_dma.o" -o "src/xemacps_example_intr_dma.o" "../src/xemacps_example_intr_dma.c"
../src/xemacps_example_intr_dma.c: In function 'XEmacPsClkSetup':
../src/xemacps_example_intr_dma.c:1302:6: warning: unused variable 'CrlApbClkCntrl' [-Wunused-variable]
  u32 CrlApbClkCntrl;
      ^~~~~~~~~~~~~~
Finished building: ../src/xemacps_example_intr_dma.c
 
Building file: ../src/xemacps_example_util.c
Invoking: ARM v7 gcc compiler
arm-none-eabi-gcc -Wall -O0 -g3 -c -fmessage-length=0 -MT"src/xemacps_example_util.o" -mcpu=cortex-a9 -mfpu=vfpv3 -mfloat-abi=hard -I../../ok_bsp/ps7_cortexa9_0/include -MMD -MP -MF"src/xemacps_example_util.d" -MT"src/xemacps_example_util.o" -o "src/xemacps_example_util.o" "../src/xemacps_example_util.c"
Finished building: ../src/xemacps_example_util.c
 
Building file: ../src/xqspips_selftest_example.c
Invoking: ARM v7 gcc compiler
arm-none-eabi-gcc -Wall -O0 -g3 -c -fmessage-length=0 -MT"src/xqspips_selftest_example.o" -mcpu=cortex-a9 -mfpu=vfpv3 -mfloat-abi=hard -I../../ok_bsp/ps7_cortexa9_0/include -MMD -MP -MF"src/xqspips_selftest_example.d" -MT"src/xqspips_selftest_example.o" -o "src/xqspips_selftest_example.o" "../src/xqspips_selftest_example.c"
Finished building: ../src/xqspips_selftest_example.c
 
Building file: ../src/xscugic_tapp_example.c
Invoking: ARM v7 gcc compiler
arm-none-eabi-gcc -Wall -O0 -g3 -c -fmessage-length=0 -MT"src/xscugic_tapp_example.o" -mcpu=cortex-a9 -mfpu=vfpv3 -mfloat-abi=hard -I../../ok_bsp/ps7_cortexa9_0/include -MMD -MP -MF"src/xscugic_tapp_example.d" -MT"src/xscugic_tapp_example.o" -o "src/xscugic_tapp_example.o" "../src/xscugic_tapp_example.c"
Finished building: ../src/xscugic_tapp_example.c
 
Building file: ../src/xscutimer_intr_example.c
Invoking: ARM v7 gcc compiler
arm-none-eabi-gcc -Wall -O0 -g3 -c -fmessage-length=0 -MT"src/xscutimer_intr_example.o" -mcpu=cortex-a9 -mfpu=vfpv3 -mfloat-abi=hard -I../../ok_bsp/ps7_cortexa9_0/include -MMD -MP -MF"src/xscutimer_intr_example.d" -MT"src/xscutimer_intr_example.o" -o "src/xscutimer_intr_example.o" "../src/xscutimer_intr_example.c"
Finished building: ../src/xscutimer_intr_example.c
 
Building file: ../src/xscutimer_polled_example.c
Invoking: ARM v7 gcc compiler
arm-none-eabi-gcc -Wall -O0 -g3 -c -fmessage-length=0 -MT"src/xscutimer_polled_example.o" -mcpu=cortex-a9 -mfpu=vfpv3 -mfloat-abi=hard -I../../ok_bsp/ps7_cortexa9_0/include -MMD -MP -MF"src/xscutimer_polled_example.d" -MT"src/xscutimer_polled_example.o" -o "src/xscutimer_polled_example.o" "../src/xscutimer_polled_example.c"
Finished building: ../src/xscutimer_polled_example.c
 
Building file: ../src/xscuwdt_intr_example.c
Invoking: ARM v7 gcc compiler
arm-none-eabi-gcc -Wall -O0 -g3 -c -fmessage-length=0 -MT"src/xscuwdt_intr_example.o" -mcpu=cortex-a9 -mfpu=vfpv3 -mfloat-abi=hard -I../../ok_bsp/ps7_cortexa9_0/include -MMD -MP -MF"src/xscuwdt_intr_example.d" -MT"src/xscuwdt_intr_example.o" -o "src/xscuwdt_intr_example.o" "../src/xscuwdt_intr_example.c"
Finished building: ../src/xscuwdt_intr_example.c
 
Building target: ok.elf
Invoking: ARM v7 gcc linker
arm-none-eabi-gcc -mcpu=cortex-a9 -mfpu=vfpv3 -mfloat-abi=hard -Wl,-build-id=none -specs=Xilinx.spec -Wl,-T -Wl,../src/lscript.ld -L../../ok_bsp/ps7_cortexa9_0/lib -o "ok.elf"  ./src/testperiph.o ./src/xdevcfg_selftest_example.o ./src/xdmaps_example_w_intr.o ./src/xemacps_example_intr_dma.o ./src/xemacps_example_util.o ./src/xqspips_selftest_example.o ./src/xscugic_tapp_example.o ./src/xscutimer_intr_example.o ./src/xscutimer_polled_example.o ./src/xscuwdt_intr_example.o   -Wl,--start-group,-lxil,-lgcc,-lc,--end-group
Finished building target: ok.elf
 
Invoking: ARM v7 Print Size
arm-none-eabi-size ok.elf  |tee "ok.elf.size"
   text	   data	    bss	    dec	    hex	filename
  70804	   2884	  54544	 128232	  1f4e8	ok.elf
Finished building: ok.elf.size
 
19:08:36 **** Build of project mmbellemusique_bsp ****
make -k all 
Running Make include in ps7_cortexa9_0/libsrc/dmaps_v2_3/src
make -C ps7_cortexa9_0/libsrc/dmaps_v2_3/src -s include  "SHELL=/bin/sh" "COMPILER=arm-none-eabi-gcc" "ARCHIVER=arm-none-eabi-ar" "COMPILER_FLAGS=  -O2 -c" "EXTRA_COMPILER_FLAGS=-mcpu=cortex-a9 -mfpu=vfpv3 -mfloat-abi=hard -nostartfiles -Wall -Wextra"
Running Make include in ps7_cortexa9_0/libsrc/ddrps_v1_0/src
make -C ps7_cortexa9_0/libsrc/ddrps_v1_0/src -s include  "SHELL=/bin/sh" "COMPILER=arm-none-eabi-gcc" "ARCHIVER=arm-none-eabi-ar" "COMPILER_FLAGS=  -O2 -c" "EXTRA_COMPILER_FLAGS=-mcpu=cortex-a9 -mfpu=vfpv3 -mfloat-abi=hard -nostartfiles -Wall -Wextra"
Running Make include in ps7_cortexa9_0/libsrc/qspips_v3_4/src
make -C ps7_cortexa9_0/libsrc/qspips_v3_4/src -s include  "SHELL=/bin/sh" "COMPILER=arm-none-eabi-gcc" "ARCHIVER=arm-none-eabi-ar" "COMPILER_FLAGS=  -O2 -c" "EXTRA_COMPILER_FLAGS=-mcpu=cortex-a9 -mfpu=vfpv3 -mfloat-abi=hard -nostartfiles -Wall -Wextra"
Running Make include in ps7_cortexa9_0/libsrc/gpiops_v3_3/src
make -C ps7_cortexa9_0/libsrc/gpiops_v3_3/src -s include  "SHELL=/bin/sh" "COMPILER=arm-none-eabi-gcc" "ARCHIVER=arm-none-eabi-ar" "COMPILER_FLAGS=  -O2 -c" "EXTRA_COMPILER_FLAGS=-mcpu=cortex-a9 -mfpu=vfpv3 -mfloat-abi=hard -nostartfiles -Wall -Wextra"
Running Make include in ps7_cortexa9_0/libsrc/llfifo_v5_2/src
make -C ps7_cortexa9_0/libsrc/llfifo_v5_2/src -s include  "SHELL=/bin/sh" "COMPILER=arm-none-eabi-gcc" "ARCHIVER=arm-none-eabi-ar" "COMPILER_FLAGS=  -O2 -c" "EXTRA_COMPILER_FLAGS=-mcpu=cortex-a9 -mfpu=vfpv3 -mfloat-abi=hard -nostartfiles -Wall -Wextra"
Running Make include in ps7_cortexa9_0/libsrc/scugic_v3_8/src
make -C ps7_cortexa9_0/libsrc/scugic_v3_8/src -s include  "SHELL=/bin/sh" "COMPILER=arm-none-eabi-gcc" "ARCHIVER=arm-none-eabi-ar" "COMPILER_FLAGS=  -O2 -c" "EXTRA_COMPILER_FLAGS=-mcpu=cortex-a9 -mfpu=vfpv3 -mfloat-abi=hard -nostartfiles -Wall -Wextra"
Running Make include in ps7_cortexa9_0/libsrc/scuwdt_v2_1/src
make -C ps7_cortexa9_0/libsrc/scuwdt_v2_1/src -s include  "SHELL=/bin/sh" "COMPILER=arm-none-eabi-gcc" "ARCHIVER=arm-none-eabi-ar" "COMPILER_FLAGS=  -O2 -c" "EXTRA_COMPILER_FLAGS=-mcpu=cortex-a9 -mfpu=vfpv3 -mfloat-abi=hard -nostartfiles -Wall -Wextra"
Running Make include in ps7_cortexa9_0/libsrc/standalone_v6_5/src
make -C ps7_cortexa9_0/libsrc/standalone_v6_5/src -s include  "SHELL=/bin/sh" "COMPILER=arm-none-eabi-gcc" "ARCHIVER=arm-none-eabi-ar" "COMPILER_FLAGS=  -O2 -c" "EXTRA_COMPILER_FLAGS=-mcpu=cortex-a9 -mfpu=vfpv3 -mfloat-abi=hard -nostartfiles -Wall -Wextra"
Running Make include in ps7_cortexa9_0/libsrc/cpu_cortexa9_v2_5/src
make -C ps7_cortexa9_0/libsrc/cpu_cortexa9_v2_5/src -s include  "SHELL=/bin/sh" "COMPILER=arm-none-eabi-gcc" "ARCHIVER=arm-none-eabi-ar" "COMPILER_FLAGS=  -O2 -c" "EXTRA_COMPILER_FLAGS=-mcpu=cortex-a9 -mfpu=vfpv3 -mfloat-abi=hard -nostartfiles -Wall -Wextra"
Running Make include in ps7_cortexa9_0/libsrc/xadcps_v2_2/src
make -C ps7_cortexa9_0/libsrc/xadcps_v2_2/src -s include  "SHELL=/bin/sh" "COMPILER=arm-none-eabi-gcc" "ARCHIVER=arm-none-eabi-ar" "COMPILER_FLAGS=  -O2 -c" "EXTRA_COMPILER_FLAGS=-mcpu=cortex-a9 -mfpu=vfpv3 -mfloat-abi=hard -nostartfiles -Wall -Wextra"
Running Make include in ps7_cortexa9_0/libsrc/devcfg_v3_5/src
make -C ps7_cortexa9_0/libsrc/devcfg_v3_5/src -s include  "SHELL=/bin/sh" "COMPILER=arm-none-eabi-gcc" "ARCHIVER=arm-none-eabi-ar" "COMPILER_FLAGS=  -O2 -c" "EXTRA_COMPILER_FLAGS=-mcpu=cortex-a9 -mfpu=vfpv3 -mfloat-abi=hard -nostartfiles -Wall -Wextra"
Running Make include in ps7_cortexa9_0/libsrc/sdps_v3_3/src
make -C ps7_cortexa9_0/libsrc/sdps_v3_3/src -s include  "SHELL=/bin/sh" "COMPILER=arm-none-eabi-gcc" "ARCHIVER=arm-none-eabi-ar" "COMPILER_FLAGS=  -O2 -c" "EXTRA_COMPILER_FLAGS=-mcpu=cortex-a9 -mfpu=vfpv3 -mfloat-abi=hard -nostartfiles -Wall -Wextra"
Running Make include in ps7_cortexa9_0/libsrc/emacps_v3_6/src
make -C ps7_cortexa9_0/libsrc/emacps_v3_6/src -s include  "SHELL=/bin/sh" "COMPILER=arm-none-eabi-gcc" "ARCHIVER=arm-none-eabi-ar" "COMPILER_FLAGS=  -O2 -c" "EXTRA_COMPILER_FLAGS=-mcpu=cortex-a9 -mfpu=vfpv3 -mfloat-abi=hard -nostartfiles -Wall -Wextra"
Running Make include in ps7_cortexa9_0/libsrc/usbps_v2_4/src
make -C ps7_cortexa9_0/libsrc/usbps_v2_4/src -s include  "SHELL=/bin/sh" "COMPILER=arm-none-eabi-gcc" "ARCHIVER=arm-none-eabi-ar" "COMPILER_FLAGS=  -O2 -c" "EXTRA_COMPILER_FLAGS=-mcpu=cortex-a9 -mfpu=vfpv3 -mfloat-abi=hard -nostartfiles -Wall -Wextra"
Running Make include in ps7_cortexa9_0/libsrc/coresightps_dcc_v1_4/src
make -C ps7_cortexa9_0/libsrc/coresightps_dcc_v1_4/src -s include  "SHELL=/bin/sh" "COMPILER=arm-none-eabi-gcc" "ARCHIVER=arm-none-eabi-ar" "COMPILER_FLAGS=  -O2 -c" "EXTRA_COMPILER_FLAGS=-mcpu=cortex-a9 -mfpu=vfpv3 -mfloat-abi=hard -nostartfiles -Wall -Wextra"
Running Make include in ps7_cortexa9_0/libsrc/uartps_v3_5/src
make -C ps7_cortexa9_0/libsrc/uartps_v3_5/src -s include  "SHELL=/bin/sh" "COMPILER=arm-none-eabi-gcc" "ARCHIVER=arm-none-eabi-ar" "COMPILER_FLAGS=  -O2 -c" "EXTRA_COMPILER_FLAGS=-mcpu=cortex-a9 -mfpu=vfpv3 -mfloat-abi=hard -nostartfiles -Wall -Wextra"
Running Make include in ps7_cortexa9_0/libsrc/scutimer_v2_1/src
make -C ps7_cortexa9_0/libsrc/scutimer_v2_1/src -s include  "SHELL=/bin/sh" "COMPILER=arm-none-eabi-gcc" "ARCHIVER=arm-none-eabi-ar" "COMPILER_FLAGS=  -O2 -c" "EXTRA_COMPILER_FLAGS=-mcpu=cortex-a9 -mfpu=vfpv3 -mfloat-abi=hard -nostartfiles -Wall -Wextra"
Running Make libs in ps7_cortexa9_0/libsrc/dmaps_v2_3/src
make -C ps7_cortexa9_0/libsrc/dmaps_v2_3/src -s libs  "SHELL=/bin/sh" "COMPILER=arm-none-eabi-gcc" "ARCHIVER=arm-none-eabi-ar" "COMPILER_FLAGS=  -O2 -c" "EXTRA_COMPILER_FLAGS=-mcpu=cortex-a9 -mfpu=vfpv3 -mfloat-abi=hard -nostartfiles -Wall -Wextra"
Compiling dmaps
Running Make libs in ps7_cortexa9_0/libsrc/ddrps_v1_0/src
make -C ps7_cortexa9_0/libsrc/ddrps_v1_0/src -s libs  "SHELL=/bin/sh" "COMPILER=arm-none-eabi-gcc" "ARCHIVER=arm-none-eabi-ar" "COMPILER_FLAGS=  -O2 -c" "EXTRA_COMPILER_FLAGS=-mcpu=cortex-a9 -mfpu=vfpv3 -mfloat-abi=hard -nostartfiles -Wall -Wextra"
Compiling ddrps
Running Make libs in ps7_cortexa9_0/libsrc/qspips_v3_4/src
make -C ps7_cortexa9_0/libsrc/qspips_v3_4/src -s libs  "SHELL=/bin/sh" "COMPILER=arm-none-eabi-gcc" "ARCHIVER=arm-none-eabi-ar" "COMPILER_FLAGS=  -O2 -c" "EXTRA_COMPILER_FLAGS=-mcpu=cortex-a9 -mfpu=vfpv3 -mfloat-abi=hard -nostartfiles -Wall -Wextra"
Compiling qspips
Running Make libs in ps7_cortexa9_0/libsrc/gpiops_v3_3/src
make -C ps7_cortexa9_0/libsrc/gpiops_v3_3/src -s libs  "SHELL=/bin/sh" "COMPILER=arm-none-eabi-gcc" "ARCHIVER=arm-none-eabi-ar" "COMPILER_FLAGS=  -O2 -c" "EXTRA_COMPILER_FLAGS=-mcpu=cortex-a9 -mfpu=vfpv3 -mfloat-abi=hard -nostartfiles -Wall -Wextra"
Compiling gpiops
Running Make libs in ps7_cortexa9_0/libsrc/llfifo_v5_2/src
make -C ps7_cortexa9_0/libsrc/llfifo_v5_2/src -s libs  "SHELL=/bin/sh" "COMPILER=arm-none-eabi-gcc" "ARCHIVER=arm-none-eabi-ar" "COMPILER_FLAGS=  -O2 -c" "EXTRA_COMPILER_FLAGS=-mcpu=cortex-a9 -mfpu=vfpv3 -mfloat-abi=hard -nostartfiles -Wall -Wextra"
Compiling llfifo
Running Make libs in ps7_cortexa9_0/libsrc/scugic_v3_8/src
make -C ps7_cortexa9_0/libsrc/scugic_v3_8/src -s libs  "SHELL=/bin/sh" "COMPILER=arm-none-eabi-gcc" "ARCHIVER=arm-none-eabi-ar" "COMPILER_FLAGS=  -O2 -c" "EXTRA_COMPILER_FLAGS=-mcpu=cortex-a9 -mfpu=vfpv3 -mfloat-abi=hard -nostartfiles -Wall -Wextra"
Compiling scugic
Running Make libs in ps7_cortexa9_0/libsrc/scuwdt_v2_1/src
make -C ps7_cortexa9_0/libsrc/scuwdt_v2_1/src -s libs  "SHELL=/bin/sh" "COMPILER=arm-none-eabi-gcc" "ARCHIVER=arm-none-eabi-ar" "COMPILER_FLAGS=  -O2 -c" "EXTRA_COMPILER_FLAGS=-mcpu=cortex-a9 -mfpu=vfpv3 -mfloat-abi=hard -nostartfiles -Wall -Wextra"
Compiling scuwdt
Running Make libs in ps7_cortexa9_0/libsrc/standalone_v6_5/src
make -C ps7_cortexa9_0/libsrc/standalone_v6_5/src -s libs  "SHELL=/bin/sh" "COMPILER=arm-none-eabi-gcc" "ARCHIVER=arm-none-eabi-ar" "COMPILER_FLAGS=  -O2 -c" "EXTRA_COMPILER_FLAGS=-mcpu=cortex-a9 -mfpu=vfpv3 -mfloat-abi=hard -nostartfiles -Wall -Wextra"
Compiling standalone
Running Make libs in ps7_cortexa9_0/libsrc/cpu_cortexa9_v2_5/src
make -C ps7_cortexa9_0/libsrc/cpu_cortexa9_v2_5/src -s libs  "SHELL=/bin/sh" "COMPILER=arm-none-eabi-gcc" "ARCHIVER=arm-none-eabi-ar" "COMPILER_FLAGS=  -O2 -c" "EXTRA_COMPILER_FLAGS=-mcpu=cortex-a9 -mfpu=vfpv3 -mfloat-abi=hard -nostartfiles -Wall -Wextra"
Compiling cpu_cortexa9
Running Make libs in ps7_cortexa9_0/libsrc/xadcps_v2_2/src
make -C ps7_cortexa9_0/libsrc/xadcps_v2_2/src -s libs  "SHELL=/bin/sh" "COMPILER=arm-none-eabi-gcc" "ARCHIVER=arm-none-eabi-ar" "COMPILER_FLAGS=  -O2 -c" "EXTRA_COMPILER_FLAGS=-mcpu=cortex-a9 -mfpu=vfpv3 -mfloat-abi=hard -nostartfiles -Wall -Wextra"
Compiling xadcps
Running Make libs in ps7_cortexa9_0/libsrc/devcfg_v3_5/src
make -C ps7_cortexa9_0/libsrc/devcfg_v3_5/src -s libs  "SHELL=/bin/sh" "COMPILER=arm-none-eabi-gcc" "ARCHIVER=arm-none-eabi-ar" "COMPILER_FLAGS=  -O2 -c" "EXTRA_COMPILER_FLAGS=-mcpu=cortex-a9 -mfpu=vfpv3 -mfloat-abi=hard -nostartfiles -Wall -Wextra"
Compiling devcfg
Running Make libs in ps7_cortexa9_0/libsrc/sdps_v3_3/src
make -C ps7_cortexa9_0/libsrc/sdps_v3_3/src -s libs  "SHELL=/bin/sh" "COMPILER=arm-none-eabi-gcc" "ARCHIVER=arm-none-eabi-ar" "COMPILER_FLAGS=  -O2 -c" "EXTRA_COMPILER_FLAGS=-mcpu=cortex-a9 -mfpu=vfpv3 -mfloat-abi=hard -nostartfiles -Wall -Wextra"
Compiling sdps
Running Make libs in ps7_cortexa9_0/libsrc/emacps_v3_6/src
make -C ps7_cortexa9_0/libsrc/emacps_v3_6/src -s libs  "SHELL=/bin/sh" "COMPILER=arm-none-eabi-gcc" "ARCHIVER=arm-none-eabi-ar" "COMPILER_FLAGS=  -O2 -c" "EXTRA_COMPILER_FLAGS=-mcpu=cortex-a9 -mfpu=vfpv3 -mfloat-abi=hard -nostartfiles -Wall -Wextra"
Compiling emacps
Running Make libs in ps7_cortexa9_0/libsrc/usbps_v2_4/src
make -C ps7_cortexa9_0/libsrc/usbps_v2_4/src -s libs  "SHELL=/bin/sh" "COMPILER=arm-none-eabi-gcc" "ARCHIVER=arm-none-eabi-ar" "COMPILER_FLAGS=  -O2 -c" "EXTRA_COMPILER_FLAGS=-mcpu=cortex-a9 -mfpu=vfpv3 -mfloat-abi=hard -nostartfiles -Wall -Wextra"
Compiling usbps
Running Make libs in ps7_cortexa9_0/libsrc/coresightps_dcc_v1_4/src
make -C ps7_cortexa9_0/libsrc/coresightps_dcc_v1_4/src -s libs  "SHELL=/bin/sh" "COMPILER=arm-none-eabi-gcc" "ARCHIVER=arm-none-eabi-ar" "COMPILER_FLAGS=  -O2 -c" "EXTRA_COMPILER_FLAGS=-mcpu=cortex-a9 -mfpu=vfpv3 -mfloat-abi=hard -nostartfiles -Wall -Wextra"
Compiling coresightps_dcc
Running Make libs in ps7_cortexa9_0/libsrc/uartps_v3_5/src
make -C ps7_cortexa9_0/libsrc/uartps_v3_5/src -s libs  "SHELL=/bin/sh" "COMPILER=arm-none-eabi-gcc" "ARCHIVER=arm-none-eabi-ar" "COMPILER_FLAGS=  -O2 -c" "EXTRA_COMPILER_FLAGS=-mcpu=cortex-a9 -mfpu=vfpv3 -mfloat-abi=hard -nostartfiles -Wall -Wextra"
Compiling uartps
Running Make libs in ps7_cortexa9_0/libsrc/scutimer_v2_1/src
make -C ps7_cortexa9_0/libsrc/scutimer_v2_1/src -s libs  "SHELL=/bin/sh" "COMPILER=arm-none-eabi-gcc" "ARCHIVER=arm-none-eabi-ar" "COMPILER_FLAGS=  -O2 -c" "EXTRA_COMPILER_FLAGS=-mcpu=cortex-a9 -mfpu=vfpv3 -mfloat-abi=hard -nostartfiles -Wall -Wextra"
Compiling scutimer
Finished building libraries
19:08:42 **** Clean-only build of configuration Debug for project mmbellemusique ****
make clean 
rm -rf  ./src/helloworld.o ./src/platform.o  ./src/helloworld.d ./src/platform.d  mmbellemusique.elf.size  mmbellemusique.elf
 
19:08:42 **** Build of configuration Debug for project mmbellemusique ****
make pre-build main-build 
a9-linaro-pre-build-step
 
Building file: ../src/helloworld.c
Invoking: ARM v7 gcc compiler
arm-none-eabi-gcc -Wall -O0 -g3 -c -fmessage-length=0 -MT"src/helloworld.o" -mcpu=cortex-a9 -mfpu=vfpv3 -mfloat-abi=hard -I../../mmbellemusique_bsp/ps7_cortexa9_0/include -MMD -MP -MF"src/helloworld.d" -MT"src/helloworld.o" -o "src/helloworld.o" "../src/helloworld.c"
../src/helloworld.c:63:9: warning: excess elements in scalar initializer
src/subdir.mk:24: recipe for target 'src/helloworld.o' failed
   0x05, 0x03, 0x04, 0x04,
         ^~~~
../src/helloworld.c:63:9: note: (near initialization for 'qrom_lum')
../src/helloworld.c:63:15: warning: excess elements in scalar initializer
   0x05, 0x03, 0x04, 0x04,
               ^~~~
../src/helloworld.c:63:15: note: (near initialization for 'qrom_lum')
../src/helloworld.c:63:21: warning: excess elements in scalar initializer
   0x05, 0x03, 0x04, 0x04,
                     ^~~~
../src/helloworld.c:63:21: note: (near initialization for 'qrom_lum')
../src/helloworld.c:64:3: warning: excess elements in scalar initializer
   0x04, 0x03, 0x05, 0x04,
   ^~~~
../src/helloworld.c:64:3: note: (near initialization for 'qrom_lum')
../src/helloworld.c:64:9: warning: excess elements in scalar initializer
   0x04, 0x03, 0x05, 0x04,
         ^~~~
../src/helloworld.c:64:9: note: (near initialization for 'qrom_lum')
../src/helloworld.c:64:15: warning: excess elements in scalar initializer
   0x04, 0x03, 0x05, 0x04,
               ^~~~
../src/helloworld.c:64:15: note: (near initialization for 'qrom_lum')
../src/helloworld.c:64:21: warning: excess elements in scalar initializer
   0x04, 0x03, 0x05, 0x04,
                     ^~~~
../src/helloworld.c:64:21: note: (near initialization for 'qrom_lum')
../src/helloworld.c:65:3: warning: excess elements in scalar initializer
   0x04, 0x04, 0x05, 0x05,
   ^~~~
../src/helloworld.c:65:3: note: (near initialization for 'qrom_lum')
../src/helloworld.c:65:9: warning: excess elements in scalar initializer
   0x04, 0x04, 0x05, 0x05,
         ^~~~
../src/helloworld.c:65:9: note: (near initialization for 'qrom_lum')
../src/helloworld.c:65:15: warning: excess elements in scalar initializer
   0x04, 0x04, 0x05, 0x05,
               ^~~~
../src/helloworld.c:65:15: note: (near initialization for 'qrom_lum')
../src/helloworld.c:65:21: warning: excess elements in scalar initializer
   0x04, 0x04, 0x05, 0x05,
                     ^~~~
../src/helloworld.c:65:21: note: (near initialization for 'qrom_lum')
../src/helloworld.c:66:3: warning: excess elements in scalar initializer
   0x05, 0x06, 0x07, 0x0C,
   ^~~~
../src/helloworld.c:66:3: note: (near initialization for 'qrom_lum')
../src/helloworld.c:66:9: warning: excess elements in scalar initializer
   0x05, 0x06, 0x07, 0x0C,
         ^~~~
../src/helloworld.c:66:9: note: (near initialization for 'qrom_lum')
../src/helloworld.c:66:15: warning: excess elements in scalar initializer
   0x05, 0x06, 0x07, 0x0C,
               ^~~~
../src/helloworld.c:66:15: note: (near initialization for 'qrom_lum')
../src/helloworld.c:66:21: warning: excess elements in scalar initializer
   0x05, 0x06, 0x07, 0x0C,
                     ^~~~
../src/helloworld.c:66:21: note: (near initialization for 'qrom_lum')
../src/helloworld.c:67:3: warning: excess elements in scalar initializer
   0x08, 0x07, 0x07, 0x07,
   ^~~~
../src/helloworld.c:67:3: note: (near initialization for 'qrom_lum')
../src/helloworld.c:67:9: warning: excess elements in scalar initializer
   0x08, 0x07, 0x07, 0x07,
         ^~~~
../src/helloworld.c:67:9: note: (near initialization for 'qrom_lum')
../src/helloworld.c:67:15: warning: excess elements in scalar initializer
   0x08, 0x07, 0x07, 0x07,
               ^~~~
../src/helloworld.c:67:15: note: (near initialization for 'qrom_lum')
../src/helloworld.c:67:21: warning: excess elements in scalar initializer
   0x08, 0x07, 0x07, 0x07,
                     ^~~~
../src/helloworld.c:67:21: note: (near initialization for 'qrom_lum')
../src/helloworld.c:68:3: warning: excess elements in scalar initializer
   0x07, 0x0F, 0x0B, 0x0B,
   ^~~~
../src/helloworld.c:68:3: note: (near initialization for 'qrom_lum')
../src/helloworld.c:68:9: warning: excess elements in scalar initializer
   0x07, 0x0F, 0x0B, 0x0B,
         ^~~~
../src/helloworld.c:68:9: note: (near initialization for 'qrom_lum')
../src/helloworld.c:68:15: warning: excess elements in scalar initializer
   0x07, 0x0F, 0x0B, 0x0B,
               ^~~~
../src/helloworld.c:68:15: note: (near initialization for 'qrom_lum')
../src/helloworld.c:68:21: warning: excess elements in scalar initializer
   0x07, 0x0F, 0x0B, 0x0B,
                     ^~~~
../src/helloworld.c:68:21: note: (near initialization for 'qrom_lum')
../src/helloworld.c:69:3: warning: excess elements in scalar initializer
   0x09, 0x0C, 0x11, 0x0F,
   ^~~~
../src/helloworld.c:69:3: note: (near initialization for 'qrom_lum')
../src/helloworld.c:69:9: warning: excess elements in scalar initializer
   0x09, 0x0C, 0x11, 0x0F,
         ^~~~
../src/helloworld.c:69:9: note: (near initialization for 'qrom_lum')
../src/helloworld.c:69:15: warning: excess elements in scalar initializer
   0x09, 0x0C, 0x11, 0x0F,
               ^~~~
../src/helloworld.c:69:15: note: (near initialization for 'qrom_lum')
../src/helloworld.c:69:21: warning: excess elements in scalar initializer
   0x09, 0x0C, 0x11, 0x0F,
                     ^~~~
../src/helloworld.c:69:21: note: (near initialization for 'qrom_lum')
../src/helloworld.c:70:3: warning: excess elements in scalar initializer
   0x12, 0x12, 0x11, 0x0F,
   ^~~~
../src/helloworld.c:70:3: note: (near initialization for 'qrom_lum')
../src/helloworld.c:70:9: warning: excess elements in scalar initializer
   0x12, 0x12, 0x11, 0x0F,
         ^~~~
../src/helloworld.c:70:9: note: (near initialization for 'qrom_lum')
../src/helloworld.c:70:15: warning: excess elements in scalar initializer
   0x12, 0x12, 0x11, 0x0F,
               ^~~~
../src/helloworld.c:70:15: note: (near initialization for 'qrom_lum')
../src/helloworld.c:70:21: warning: excess elements in scalar initializer
   0x12, 0x12, 0x11, 0x0F,
                     ^~~~
../src/helloworld.c:70:21: note: (near initialization for 'qrom_lum')
../src/helloworld.c:71:3: warning: excess elements in scalar initializer
   0x11, 0x11, 0x13, 0x16,
   ^~~~
../src/helloworld.c:71:3: note: (near initialization for 'qrom_lum')
../src/helloworld.c:71:9: warning: excess elements in scalar initializer
   0x11, 0x11, 0x13, 0x16,
         ^~~~
../src/helloworld.c:71:9: note: (near initialization for 'qrom_lum')
../src/helloworld.c:71:15: warning: excess elements in scalar initializer
   0x11, 0x11, 0x13, 0x16,
               ^~~~
../src/helloworld.c:71:15: note: (near initialization for 'qrom_lum')
../src/helloworld.c:71:21: warning: excess elements in scalar initializer
   0x11, 0x11, 0x13, 0x16,
                     ^~~~
../src/helloworld.c:71:21: note: (near initialization for 'qrom_lum')
../src/helloworld.c:72:3: warning: excess elements in scalar initializer
   0x1C, 0x17, 0x13, 0x14,
   ^~~~
../src/helloworld.c:72:3: note: (near initialization for 'qrom_lum')
../src/helloworld.c:72:9: warning: excess elements in scalar initializer
   0x1C, 0x17, 0x13, 0x14,
         ^~~~
../src/helloworld.c:72:9: note: (near initialization for 'qrom_lum')
../src/helloworld.c:72:15: warning: excess elements in scalar initializer
   0x1C, 0x17, 0x13, 0x14,
               ^~~~
../src/helloworld.c:72:15: note: (near initialization for 'qrom_lum')
../src/helloworld.c:72:21: warning: excess elements in scalar initializer
   0x1C, 0x17, 0x13, 0x14,
                     ^~~~
../src/helloworld.c:72:21: note: (near initialization for 'qrom_lum')
../src/helloworld.c:73:3: warning: excess elements in scalar initializer
   0x1A, 0x15, 0x11, 0x11,
   ^~~~
../src/helloworld.c:73:3: note: (near initialization for 'qrom_lum')
../src/helloworld.c:73:9: warning: excess elements in scalar initializer
   0x1A, 0x15, 0x11, 0x11,
         ^~~~
../src/helloworld.c:73:9: note: (near initialization for 'qrom_lum')
../src/helloworld.c:73:15: warning: excess elements in scalar initializer
   0x1A, 0x15, 0x11, 0x11,
               ^~~~
../src/helloworld.c:73:15: note: (near initialization for 'qrom_lum')
../src/helloworld.c:73:21: warning: excess elements in scalar initializer
   0x1A, 0x15, 0x11, 0x11,
                     ^~~~
../src/helloworld.c:73:21: note: (near initialization for 'qrom_lum')
../src/helloworld.c:74:3: warning: excess elements in scalar initializer
   0x18, 0x21, 0x18, 0x1A,
   ^~~~
../src/helloworld.c:74:3: note: (near initialization for 'qrom_lum')
../src/helloworld.c:74:9: warning: excess elements in scalar initializer
   0x18, 0x21, 0x18, 0x1A,
         ^~~~
../src/helloworld.c:74:9: note: (near initialization for 'qrom_lum')
../src/helloworld.c:74:15: warning: excess elements in scalar initializer
   0x18, 0x21, 0x18, 0x1A,
               ^~~~
../src/helloworld.c:74:15: note: (near initialization for 'qrom_lum')
../src/helloworld.c:74:21: warning: excess elements in scalar initializer
   0x18, 0x21, 0x18, 0x1A,
                     ^~~~
../src/helloworld.c:74:21: note: (near initialization for 'qrom_lum')
../src/helloworld.c:75:3: warning: excess elements in scalar initializer
   0x1D, 0x1D, 0x1F, 0x1F,
   ^~~~
../src/helloworld.c:75:3: note: (near initialization for 'qrom_lum')
../src/helloworld.c:75:9: warning: excess elements in scalar initializer
   0x1D, 0x1D, 0x1F, 0x1F,
         ^~~~
../src/helloworld.c:75:9: note: (near initialization for 'qrom_lum')
../src/helloworld.c:75:15: warning: excess elements in scalar initializer
   0x1D, 0x1D, 0x1F, 0x1F,
               ^~~~
../src/helloworld.c:75:15: note: (near initialization for 'qrom_lum')
../src/helloworld.c:75:21: warning: excess elements in scalar initializer
   0x1D, 0x1D, 0x1F, 0x1F,
                     ^~~~
../src/helloworld.c:75:21: note: (near initialization for 'qrom_lum')
../src/helloworld.c:76:3: warning: excess elements in scalar initializer
   0x1F, 0x13, 0x17, 0x22,
   ^~~~
../src/helloworld.c:76:3: note: (near initialization for 'qrom_lum')
../src/helloworld.c:76:9: warning: excess elements in scalar initializer
   0x1F, 0x13, 0x17, 0x22,
         ^~~~
../src/helloworld.c:76:9: note: (near initialization for 'qrom_lum')
../src/helloworld.c:76:15: warning: excess elements in scalar initializer
   0x1F, 0x13, 0x17, 0x22,
               ^~~~
../src/helloworld.c:76:15: note: (near initialization for 'qrom_lum')
../src/helloworld.c:76:21: warning: excess elements in scalar initializer
   0x1F, 0x13, 0x17, 0x22,
                     ^~~~
../src/helloworld.c:76:21: note: (near initialization for 'qrom_lum')
../src/helloworld.c:77:3: warning: excess elements in scalar initializer
   0x24, 0x22, 0x1E, 0x24,
   ^~~~
../src/helloworld.c:77:3: note: (near initialization for 'qrom_lum')
../src/helloworld.c:77:9: warning: excess elements in scalar initializer
   0x24, 0x22, 0x1E, 0x24,
         ^~~~
../src/helloworld.c:77:9: note: (near initialization for 'qrom_lum')
../src/helloworld.c:77:15: warning: excess elements in scalar initializer
   0x24, 0x22, 0x1E, 0x24,
               ^~~~
../src/helloworld.c:77:15: note: (near initialization for 'qrom_lum')
../src/helloworld.c:77:21: warning: excess elements in scalar initializer
   0x24, 0x22, 0x1E, 0x24,
                     ^~~~
../src/helloworld.c:77:21: note: (near initialization for 'qrom_lum')
../src/helloworld.c:78:3: warning: excess elements in scalar initializer
   0x1C, 0x1E, 0x1F, 0x1E};
   ^~~~
../src/helloworld.c:78:3: note: (near initialization for 'qrom_lum')
../src/helloworld.c:78:9: warning: excess elements in scalar initializer
   0x1C, 0x1E, 0x1F, 0x1E};
         ^~~~
../src/helloworld.c:78:9: note: (near initialization for 'qrom_lum')
../src/helloworld.c:78:15: warning: excess elements in scalar initializer
   0x1C, 0x1E, 0x1F, 0x1E};
               ^~~~
../src/helloworld.c:78:15: note: (near initialization for 'qrom_lum')
../src/helloworld.c:78:21: warning: excess elements in scalar initializer
   0x1C, 0x1E, 0x1F, 0x1E};
                     ^~~~
../src/helloworld.c:78:21: note: (near initialization for 'qrom_lum')
../src/helloworld.c:84:9: warning: excess elements in scalar initializer
   0x11, 0x12, 0x12, 0x18, 0x15, 0x18, 0x2F, 0x1A,
         ^~~~
../src/helloworld.c:84:9: note: (near initialization for 'qrom_chr')
../src/helloworld.c:84:15: warning: excess elements in scalar initializer
   0x11, 0x12, 0x12, 0x18, 0x15, 0x18, 0x2F, 0x1A,
               ^~~~
../src/helloworld.c:84:15: note: (near initialization for 'qrom_chr')
../src/helloworld.c:84:21: warning: excess elements in scalar initializer
   0x11, 0x12, 0x12, 0x18, 0x15, 0x18, 0x2F, 0x1A,
                     ^~~~
../src/helloworld.c:84:21: note: (near initialization for 'qrom_chr')
../src/helloworld.c:84:27: warning: excess elements in scalar initializer
   0x11, 0x12, 0x12, 0x18, 0x15, 0x18, 0x2F, 0x1A,
                           ^~~~
../src/helloworld.c:84:27: note: (near initialization for 'qrom_chr')
../src/helloworld.c:84:33: warning: excess elements in scalar initializer
   0x11, 0x12, 0x12, 0x18, 0x15, 0x18, 0x2F, 0x1A,
                                 ^~~~
../src/helloworld.c:84:33: note: (near initialization for 'qrom_chr')
../src/helloworld.c:84:39: warning: excess elements in scalar initializer
   0x11, 0x12, 0x12, 0x18, 0x15, 0x18, 0x2F, 0x1A,
                                       ^~~~
../src/helloworld.c:84:39: note: (near initialization for 'qrom_chr')
../src/helloworld.c:84:45: warning: excess elements in scalar initializer
   0x11, 0x12, 0x12, 0x18, 0x15, 0x18, 0x2F, 0x1A,
                                             ^~~~
../src/helloworld.c:84:45: note: (near initialization for 'qrom_chr')
../src/helloworld.c:85:3: warning: excess elements in scalar initializer
   0x1A, 0x2F, 0x63, 0x42, 0x38, 0x42, 0x63, 0x63,
   ^~~~
../src/helloworld.c:85:3: note: (near initialization for 'qrom_chr')
../src/helloworld.c:85:9: warning: excess elements in scalar initializer
   0x1A, 0x2F, 0x63, 0x42, 0x38, 0x42, 0x63, 0x63,
         ^~~~
../src/helloworld.c:85:9: note: (near initialization for 'qrom_chr')
../src/helloworld.c:85:15: warning: excess elements in scalar initializer
   0x1A, 0x2F, 0x63, 0x42, 0x38, 0x42, 0x63, 0x63,
               ^~~~
../src/helloworld.c:85:15: note: (near initialization for 'qrom_chr')
../src/helloworld.c:85:21: warning: excess elements in scalar initializer
   0x1A, 0x2F, 0x63, 0x42, 0x38, 0x42, 0x63, 0x63,
                     ^~~~
../src/helloworld.c:85:21: note: (near initialization for 'qrom_chr')
../src/helloworld.c:85:27: warning: excess elements in scalar initializer
   0x1A, 0x2F, 0x63, 0x42, 0x38, 0x42, 0x63, 0x63,
                           ^~~~
../src/helloworld.c:85:27: note: (near initialization for 'qrom_chr')
../src/helloworld.c:85:33: warning: excess elements in scalar initializer
   0x1A, 0x2F, 0x63, 0x42, 0x38, 0x42, 0x63, 0x63,
                                 ^~~~
../src/helloworld.c:85:33: note: (near initialization for 'qrom_chr')
../src/helloworld.c:85:39: warning: excess elements in scalar initializer
   0x1A, 0x2F, 0x63, 0x42, 0x38, 0x42, 0x63, 0x63,
                                       ^~~~
../src/helloworld.c:85:39: note: (near initialization for 'qrom_chr')
../src/helloworld.c:85:45: warning: excess elements in scalar initializer
   0x1A, 0x2F, 0x63, 0x42, 0x38, 0x42, 0x63, 0x63,
                                             ^~~~
../src/helloworld.c:85:45: note: (near initialization for 'qrom_chr')
../src/helloworld.c:86:3: warning: excess elements in scalar initializer
   0x63, 0x63, 0x63, 0x63, 0x63, 0x63, 0x63, 0x63,
   ^~~~
../src/helloworld.c:86:3: note: (near initialization for 'qrom_chr')
../src/helloworld.c:86:9: warning: excess elements in scalar initializer
   0x63, 0x63, 0x63, 0x63, 0x63, 0x63, 0x63, 0x63,
         ^~~~
../src/helloworld.c:86:9: note: (near initialization for 'qrom_chr')
../src/helloworld.c:86:15: warning: excess elements in scalar initializer
   0x63, 0x63, 0x63, 0x63, 0x63, 0x63, 0x63, 0x63,
               ^~~~
../src/helloworld.c:86:15: note: (near initialization for 'qrom_chr')
../src/helloworld.c:86:21: warning: excess elements in scalar initializer
   0x63, 0x63, 0x63, 0x63, 0x63, 0x63, 0x63, 0x63,
                     ^~~~
../src/helloworld.c:86:21: note: (near initialization for 'qrom_chr')
../src/helloworld.c:86:27: warning: excess elements in scalar initializer
   0x63, 0x63, 0x63, 0x63, 0x63, 0x63, 0x63, 0x63,
                           ^~~~
../src/helloworld.c:86:27: note: (near initialization for 'qrom_chr')
../src/helloworld.c:86:33: warning: excess elements in scalar initializer
   0x63, 0x63, 0x63, 0x63, 0x63, 0x63, 0x63, 0x63,
                                 ^~~~
../src/helloworld.c:86:33: note: (near initialization for 'qrom_chr')
../src/helloworld.c:86:39: warning: excess elements in scalar initializer
   0x63, 0x63, 0x63, 0x63, 0x63, 0x63, 0x63, 0x63,
                                       ^~~~
../src/helloworld.c:86:39: note: (near initialization for 'qrom_chr')
../src/helloworld.c:86:45: warning: excess elements in scalar initializer
   0x63, 0x63, 0x63, 0x63, 0x63, 0x63, 0x63, 0x63,
                                             ^~~~
../src/helloworld.c:86:45: note: (near initialization for 'qrom_chr')
../src/helloworld.c:87:3: warning: excess elements in scalar initializer
   0x63, 0x63, 0x63, 0x63, 0x63, 0x63, 0x63, 0x63,
   ^~~~
../src/helloworld.c:87:3: note: (near initialization for 'qrom_chr')
../src/helloworld.c:87:9: warning: excess elements in scalar initializer
   0x63, 0x63, 0x63, 0x63, 0x63, 0x63, 0x63, 0x63,
         ^~~~
../src/helloworld.c:87:9: note: (near initialization for 'qrom_chr')
../src/helloworld.c:87:15: warning: excess elements in scalar initializer
   0x63, 0x63, 0x63, 0x63, 0x63, 0x63, 0x63, 0x63,
               ^~~~
../src/helloworld.c:87:15: note: (near initialization for 'qrom_chr')
../src/helloworld.c:87:21: warning: excess elements in scalar initializer
   0x63, 0x63, 0x63, 0x63, 0x63, 0x63, 0x63, 0x63,
                     ^~~~
../src/helloworld.c:87:21: note: (near initialization for 'qrom_chr')
../src/helloworld.c:87:27: warning: excess elements in scalar initializer
   0x63, 0x63, 0x63, 0x63, 0x63, 0x63, 0x63, 0x63,
                           ^~~~
../src/helloworld.c:87:27: note: (near initialization for 'qrom_chr')
../src/helloworld.c:87:33: warning: excess elements in scalar initializer
   0x63, 0x63, 0x63, 0x63, 0x63, 0x63, 0x63, 0x63,
                                 ^~~~
../src/helloworld.c:87:33: note: (near initialization for 'qrom_chr')
../src/helloworld.c:87:39: warning: excess elements in scalar initializer
   0x63, 0x63, 0x63, 0x63, 0x63, 0x63, 0x63, 0x63,
                                       ^~~~
../src/helloworld.c:87:39: note: (near initialization for 'qrom_chr')
../src/helloworld.c:87:45: warning: excess elements in scalar initializer
   0x63, 0x63, 0x63, 0x63, 0x63, 0x63, 0x63, 0x63,
                                             ^~~~
../src/helloworld.c:87:45: note: (near initialization for 'qrom_chr')
../src/helloworld.c:88:3: warning: excess elements in scalar initializer
   0x63, 0x63, 0x63, 0x63, 0x63, 0x63, 0x63, 0x63,
   ^~~~
../src/helloworld.c:88:3: note: (near initialization for 'qrom_chr')
../src/helloworld.c:88:9: warning: excess elements in scalar initializer
   0x63, 0x63, 0x63, 0x63, 0x63, 0x63, 0x63, 0x63,
         ^~~~
../src/helloworld.c:88:9: note: (near initialization for 'qrom_chr')
../src/helloworld.c:88:15: warning: excess elements in scalar initializer
   0x63, 0x63, 0x63, 0x63, 0x63, 0x63, 0x63, 0x63,
               ^~~~
../src/helloworld.c:88:15: note: (near initialization for 'qrom_chr')
../src/helloworld.c:88:21: warning: excess elements in scalar initializer
   0x63, 0x63, 0x63, 0x63, 0x63, 0x63, 0x63, 0x63,
                     ^~~~
../src/helloworld.c:88:21: note: (near initialization for 'qrom_chr')
../src/helloworld.c:88:27: warning: excess elements in scalar initializer
   0x63, 0x63, 0x63, 0x63, 0x63, 0x63, 0x63, 0x63,
                           ^~~~
../src/helloworld.c:88:27: note: (near initialization for 'qrom_chr')
../src/helloworld.c:88:33: warning: excess elements in scalar initializer
   0x63, 0x63, 0x63, 0x63, 0x63, 0x63, 0x63, 0x63,
                                 ^~~~
../src/helloworld.c:88:33: note: (near initialization for 'qrom_chr')
../src/helloworld.c:88:39: warning: excess elements in scalar initializer
   0x63, 0x63, 0x63, 0x63, 0x63, 0x63, 0x63, 0x63,
                                       ^~~~
../src/helloworld.c:88:39: note: (near initialization for 'qrom_chr')
../src/helloworld.c:88:45: warning: excess elements in scalar initializer
   0x63, 0x63, 0x63, 0x63, 0x63, 0x63, 0x63, 0x63,
                                             ^~~~
../src/helloworld.c:88:45: note: (near initialization for 'qrom_chr')
../src/helloworld.c:89:3: warning: excess elements in scalar initializer
   0x63, 0x63, 0x63, 0x63, 0x63, 0x63, 0x63, 0x63,
   ^~~~
../src/helloworld.c:89:3: note: (near initialization for 'qrom_chr')
../src/helloworld.c:89:9: warning: excess elements in scalar initializer
   0x63, 0x63, 0x63, 0x63, 0x63, 0x63, 0x63, 0x63,
         ^~~~
../src/helloworld.c:89:9: note: (near initialization for 'qrom_chr')
../src/helloworld.c:89:15: warning: excess elements in scalar initializer
   0x63, 0x63, 0x63, 0x63, 0x63, 0x63, 0x63, 0x63,
               ^~~~
../src/helloworld.c:89:15: note: (near initialization for 'qrom_chr')
../src/helloworld.c:89:21: warning: excess elements in scalar initializer
   0x63, 0x63, 0x63, 0x63, 0x63, 0x63, 0x63, 0x63,
                     ^~~~
../src/helloworld.c:89:21: note: (near initialization for 'qrom_chr')
../src/helloworld.c:89:27: warning: excess elements in scalar initializer
   0x63, 0x63, 0x63, 0x63, 0x63, 0x63, 0x63, 0x63,
                           ^~~~
../src/helloworld.c:89:27: note: (near initialization for 'qrom_chr')
../src/helloworld.c:89:33: warning: excess elements in scalar initializer
   0x63, 0x63, 0x63, 0x63, 0x63, 0x63, 0x63, 0x63,
                                 ^~~~
../src/helloworld.c:89:33: note: (near initialization for 'qrom_chr')
../src/helloworld.c:89:39: warning: excess elements in scalar initializer
   0x63, 0x63, 0x63, 0x63, 0x63, 0x63, 0x63, 0x63,
                                       ^~~~
../src/helloworld.c:89:39: note: (near initialization for 'qrom_chr')
../src/helloworld.c:89:45: warning: excess elements in scalar initializer
   0x63, 0x63, 0x63, 0x63, 0x63, 0x63, 0x63, 0x63,
                                             ^~~~
../src/helloworld.c:89:45: note: (near initialization for 'qrom_chr')
../src/helloworld.c:90:3: warning: excess elements in scalar initializer
   0x63, 0x63, 0x63, 0x63, 0x63, 0x63, 0x63, 0x63,
   ^~~~
../src/helloworld.c:90:3: note: (near initialization for 'qrom_chr')
../src/helloworld.c:90:9: warning: excess elements in scalar initializer
   0x63, 0x63, 0x63, 0x63, 0x63, 0x63, 0x63, 0x63,
         ^~~~
../src/helloworld.c:90:9: note: (near initialization for 'qrom_chr')
../src/helloworld.c:90:15: warning: excess elements in scalar initializer
   0x63, 0x63, 0x63, 0x63, 0x63, 0x63, 0x63, 0x63,
               ^~~~
../src/helloworld.c:90:15: note: (near initialization for 'qrom_chr')
../src/helloworld.c:90:21: warning: excess elements in scalar initializer
   0x63, 0x63, 0x63, 0x63, 0x63, 0x63, 0x63, 0x63,
                     ^~~~
../src/helloworld.c:90:21: note: (near initialization for 'qrom_chr')
../src/helloworld.c:90:27: warning: excess elements in scalar initializer
   0x63, 0x63, 0x63, 0x63, 0x63, 0x63, 0x63, 0x63,
                           ^~~~
../src/helloworld.c:90:27: note: (near initialization for 'qrom_chr')
../src/helloworld.c:90:33: warning: excess elements in scalar initializer
   0x63, 0x63, 0x63, 0x63, 0x63, 0x63, 0x63, 0x63,
                                 ^~~~
../src/helloworld.c:90:33: note: (near initialization for 'qrom_chr')
../src/helloworld.c:90:39: warning: excess elements in scalar initializer
   0x63, 0x63, 0x63, 0x63, 0x63, 0x63, 0x63, 0x63,
                                       ^~~~
../src/helloworld.c:90:39: note: (near initialization for 'qrom_chr')
../src/helloworld.c:90:45: warning: excess elements in scalar initializer
   0x63, 0x63, 0x63, 0x63, 0x63, 0x63, 0x63, 0x63,
                                             ^~~~
../src/helloworld.c:90:45: note: (near initialization for 'qrom_chr')
../src/helloworld.c:91:3: warning: excess elements in scalar initializer
   0x63, 0x63, 0x63, 0x63, 0x63, 0x63, 0x63, 0x63
   ^~~~
../src/helloworld.c:91:3: note: (near initialization for 'qrom_chr')
../src/helloworld.c:91:9: warning: excess elements in scalar initializer
   0x63, 0x63, 0x63, 0x63, 0x63, 0x63, 0x63, 0x63
         ^~~~
../src/helloworld.c:91:9: note: (near initialization for 'qrom_chr')
../src/helloworld.c:91:15: warning: excess elements in scalar initializer
   0x63, 0x63, 0x63, 0x63, 0x63, 0x63, 0x63, 0x63
               ^~~~
../src/helloworld.c:91:15: note: (near initialization for 'qrom_chr')
../src/helloworld.c:91:21: warning: excess elements in scalar initializer
   0x63, 0x63, 0x63, 0x63, 0x63, 0x63, 0x63, 0x63
                     ^~~~
../src/helloworld.c:91:21: note: (near initialization for 'qrom_chr')
../src/helloworld.c:91:27: warning: excess elements in scalar initializer
   0x63, 0x63, 0x63, 0x63, 0x63, 0x63, 0x63, 0x63
                           ^~~~
../src/helloworld.c:91:27: note: (near initialization for 'qrom_chr')
../src/helloworld.c:91:33: warning: excess elements in scalar initializer
   0x63, 0x63, 0x63, 0x63, 0x63, 0x63, 0x63, 0x63
                                 ^~~~
../src/helloworld.c:91:33: note: (near initialization for 'qrom_chr')
../src/helloworld.c:91:39: warning: excess elements in scalar initializer
   0x63, 0x63, 0x63, 0x63, 0x63, 0x63, 0x63, 0x63
                                       ^~~~
../src/helloworld.c:91:39: note: (near initialization for 'qrom_chr')
../src/helloworld.c:91:45: warning: excess elements in scalar initializer
   0x63, 0x63, 0x63, 0x63, 0x63, 0x63, 0x63, 0x63
                                             ^~~~
../src/helloworld.c:91:45: note: (near initialization for 'qrom_chr')
../src/helloworld.c: In function 'main':
../src/helloworld.c:105:17: error: 'File_y' undeclared (first use in this function)
   int File_x=0; File_y = 0;
                 ^~~~~~
../src/helloworld.c:105:17: note: each undeclared identifier is reported only once for each function it appears in
../src/helloworld.c:111:55: error: subscripted value is neither array nor pointer nor vector
   int qrom_lum_size = sizeof(qrom_lum)/sizeof(qrom_lum[0]);
                                                       ^
../src/helloworld.c:112:55: error: subscripted value is neither array nor pointer nor vector
   int qrom_chr_size = sizeof(qrom_chr)/sizeof(qrom_chr[0]);
                                                       ^
../src/helloworld.c:117:9: warning: implicit declaration of function 'Xil_Out32' [-Wimplicit-function-declaration]
         Xil_Out32(JPEG_CORE + QUANTIZER_RAM_LUM + j, qrom_lum[i]);
         ^~~~~~~~~
../src/helloworld.c:117:62: error: subscripted value is neither array nor pointer nor vector
         Xil_Out32(JPEG_CORE + QUANTIZER_RAM_LUM + j, qrom_lum[i]);
                                                              ^
../src/helloworld.c:123:62: error: subscripted value is neither array nor pointer nor vector
         Xil_Out32(JPEG_CORE + QUANTIZER_RAM_CHR + j, qrom_chr[i]);
                                                              ^
../src/helloworld.c:140:7: warning: implicit declaration of function 'Xil_In32' [-Wimplicit-function-declaration]
 while(Xil_In32(JPEG_CORE + ENC_STS_REG) != 2);
       ^~~~~~~~
../src/helloworld.c:140:1: warning: this 'while' clause does not guard... [-Wmisleading-indentation]
 while(Xil_In32(JPEG_CORE + ENC_STS_REG) != 2);
 ^~~~~
../src/helloworld.c:142:3: note: ...this statement, but the latter is misleadingly indented as if it is guarded by the 'while'
   printf("lmao we will never reach this line\n");
   ^~~~~~
make: *** [src/helloworld.o] Error 1
19:12:47 **** Auto Build of configuration Debug for project mmbellemusique ****
make pre-build main-build 
a9-linaro-pre-build-step
 
Building file: ../src/helloworld.c
Invoking: ARM v7 gcc compiler
arm-none-eabi-gcc -Wall -O0 -g3 -c -fmessage-length=0 -MT"src/helloworld.o" -mcpu=cortex-a9 -mfpu=vfpv3 -mfloat-abi=hard -I../../mmbellemusique_bsp/ps7_cortexa9_0/include -MMD -MP -MF"src/helloworld.d" -MT"src/helloworld.o" -o "src/helloworld.o" "../src/helloworld.c"
../src/helloworld.c:66:9: warning: excess elements in scalar initializer
   0x05, 0x03, 0x04, 0x04,
         ^~~~
../src/helloworld.c:66:9: note: (near initialization for 'qrom_lum')
../src/helloworld.c:66:15: warning: excess elements in scalar initializer
   0x05, 0x03, 0x04, 0x04,
               ^~~~
../src/helloworld.c:66:15: note: (near initialization for 'qrom_lum')
../src/helloworld.c:66:21: warning: excess elements in scalar initializer
   0x05, 0x03, 0x04, 0x04,
                     ^~~~
../src/helloworld.c:66:21: note: (near initialization for 'qrom_lum')
../src/helloworld.c:67:3: warning: excess elements in scalar initializer
   0x04, 0x03, 0x05, 0x04,
src/subdir.mk:24: recipe for target 'src/helloworld.o' failed
   ^~~~
../src/helloworld.c:67:3: note: (near initialization for 'qrom_lum')
../src/helloworld.c:67:9: warning: excess elements in scalar initializer
   0x04, 0x03, 0x05, 0x04,
         ^~~~
../src/helloworld.c:67:9: note: (near initialization for 'qrom_lum')
../src/helloworld.c:67:15: warning: excess elements in scalar initializer
   0x04, 0x03, 0x05, 0x04,
               ^~~~
../src/helloworld.c:67:15: note: (near initialization for 'qrom_lum')
../src/helloworld.c:67:21: warning: excess elements in scalar initializer
   0x04, 0x03, 0x05, 0x04,
                     ^~~~
../src/helloworld.c:67:21: note: (near initialization for 'qrom_lum')
../src/helloworld.c:68:3: warning: excess elements in scalar initializer
   0x04, 0x04, 0x05, 0x05,
   ^~~~
../src/helloworld.c:68:3: note: (near initialization for 'qrom_lum')
../src/helloworld.c:68:9: warning: excess elements in scalar initializer
   0x04, 0x04, 0x05, 0x05,
         ^~~~
../src/helloworld.c:68:9: note: (near initialization for 'qrom_lum')
../src/helloworld.c:68:15: warning: excess elements in scalar initializer
   0x04, 0x04, 0x05, 0x05,
               ^~~~
../src/helloworld.c:68:15: note: (near initialization for 'qrom_lum')
../src/helloworld.c:68:21: warning: excess elements in scalar initializer
   0x04, 0x04, 0x05, 0x05,
                     ^~~~
../src/helloworld.c:68:21: note: (near initialization for 'qrom_lum')
../src/helloworld.c:69:3: warning: excess elements in scalar initializer
   0x05, 0x06, 0x07, 0x0C,
   ^~~~
../src/helloworld.c:69:3: note: (near initialization for 'qrom_lum')
../src/helloworld.c:69:9: warning: excess elements in scalar initializer
   0x05, 0x06, 0x07, 0x0C,
         ^~~~
../src/helloworld.c:69:9: note: (near initialization for 'qrom_lum')
../src/helloworld.c:69:15: warning: excess elements in scalar initializer
   0x05, 0x06, 0x07, 0x0C,
               ^~~~
../src/helloworld.c:69:15: note: (near initialization for 'qrom_lum')
../src/helloworld.c:69:21: warning: excess elements in scalar initializer
   0x05, 0x06, 0x07, 0x0C,
                     ^~~~
../src/helloworld.c:69:21: note: (near initialization for 'qrom_lum')
../src/helloworld.c:70:3: warning: excess elements in scalar initializer
   0x08, 0x07, 0x07, 0x07,
   ^~~~
../src/helloworld.c:70:3: note: (near initialization for 'qrom_lum')
../src/helloworld.c:70:9: warning: excess elements in scalar initializer
   0x08, 0x07, 0x07, 0x07,
         ^~~~
../src/helloworld.c:70:9: note: (near initialization for 'qrom_lum')
../src/helloworld.c:70:15: warning: excess elements in scalar initializer
   0x08, 0x07, 0x07, 0x07,
               ^~~~
../src/helloworld.c:70:15: note: (near initialization for 'qrom_lum')
../src/helloworld.c:70:21: warning: excess elements in scalar initializer
   0x08, 0x07, 0x07, 0x07,
                     ^~~~
../src/helloworld.c:70:21: note: (near initialization for 'qrom_lum')
../src/helloworld.c:71:3: warning: excess elements in scalar initializer
   0x07, 0x0F, 0x0B, 0x0B,
   ^~~~
../src/helloworld.c:71:3: note: (near initialization for 'qrom_lum')
../src/helloworld.c:71:9: warning: excess elements in scalar initializer
   0x07, 0x0F, 0x0B, 0x0B,
         ^~~~
../src/helloworld.c:71:9: note: (near initialization for 'qrom_lum')
../src/helloworld.c:71:15: warning: excess elements in scalar initializer
   0x07, 0x0F, 0x0B, 0x0B,
               ^~~~
../src/helloworld.c:71:15: note: (near initialization for 'qrom_lum')
../src/helloworld.c:71:21: warning: excess elements in scalar initializer
   0x07, 0x0F, 0x0B, 0x0B,
                     ^~~~
../src/helloworld.c:71:21: note: (near initialization for 'qrom_lum')
../src/helloworld.c:72:3: warning: excess elements in scalar initializer
   0x09, 0x0C, 0x11, 0x0F,
   ^~~~
../src/helloworld.c:72:3: note: (near initialization for 'qrom_lum')
../src/helloworld.c:72:9: warning: excess elements in scalar initializer
   0x09, 0x0C, 0x11, 0x0F,
         ^~~~
../src/helloworld.c:72:9: note: (near initialization for 'qrom_lum')
../src/helloworld.c:72:15: warning: excess elements in scalar initializer
   0x09, 0x0C, 0x11, 0x0F,
               ^~~~
../src/helloworld.c:72:15: note: (near initialization for 'qrom_lum')
../src/helloworld.c:72:21: warning: excess elements in scalar initializer
   0x09, 0x0C, 0x11, 0x0F,
                     ^~~~
../src/helloworld.c:72:21: note: (near initialization for 'qrom_lum')
../src/helloworld.c:73:3: warning: excess elements in scalar initializer
   0x12, 0x12, 0x11, 0x0F,
   ^~~~
../src/helloworld.c:73:3: note: (near initialization for 'qrom_lum')
../src/helloworld.c:73:9: warning: excess elements in scalar initializer
   0x12, 0x12, 0x11, 0x0F,
         ^~~~
../src/helloworld.c:73:9: note: (near initialization for 'qrom_lum')
../src/helloworld.c:73:15: warning: excess elements in scalar initializer
   0x12, 0x12, 0x11, 0x0F,
               ^~~~
../src/helloworld.c:73:15: note: (near initialization for 'qrom_lum')
../src/helloworld.c:73:21: warning: excess elements in scalar initializer
   0x12, 0x12, 0x11, 0x0F,
                     ^~~~
../src/helloworld.c:73:21: note: (near initialization for 'qrom_lum')
../src/helloworld.c:74:3: warning: excess elements in scalar initializer
   0x11, 0x11, 0x13, 0x16,
   ^~~~
../src/helloworld.c:74:3: note: (near initialization for 'qrom_lum')
../src/helloworld.c:74:9: warning: excess elements in scalar initializer
   0x11, 0x11, 0x13, 0x16,
         ^~~~
../src/helloworld.c:74:9: note: (near initialization for 'qrom_lum')
../src/helloworld.c:74:15: warning: excess elements in scalar initializer
   0x11, 0x11, 0x13, 0x16,
               ^~~~
../src/helloworld.c:74:15: note: (near initialization for 'qrom_lum')
../src/helloworld.c:74:21: warning: excess elements in scalar initializer
   0x11, 0x11, 0x13, 0x16,
                     ^~~~
../src/helloworld.c:74:21: note: (near initialization for 'qrom_lum')
../src/helloworld.c:75:3: warning: excess elements in scalar initializer
   0x1C, 0x17, 0x13, 0x14,
   ^~~~
../src/helloworld.c:75:3: note: (near initialization for 'qrom_lum')
../src/helloworld.c:75:9: warning: excess elements in scalar initializer
   0x1C, 0x17, 0x13, 0x14,
         ^~~~
../src/helloworld.c:75:9: note: (near initialization for 'qrom_lum')
../src/helloworld.c:75:15: warning: excess elements in scalar initializer
   0x1C, 0x17, 0x13, 0x14,
               ^~~~
../src/helloworld.c:75:15: note: (near initialization for 'qrom_lum')
../src/helloworld.c:75:21: warning: excess elements in scalar initializer
   0x1C, 0x17, 0x13, 0x14,
                     ^~~~
../src/helloworld.c:75:21: note: (near initialization for 'qrom_lum')
../src/helloworld.c:76:3: warning: excess elements in scalar initializer
   0x1A, 0x15, 0x11, 0x11,
   ^~~~
../src/helloworld.c:76:3: note: (near initialization for 'qrom_lum')
../src/helloworld.c:76:9: warning: excess elements in scalar initializer
   0x1A, 0x15, 0x11, 0x11,
         ^~~~
../src/helloworld.c:76:9: note: (near initialization for 'qrom_lum')
../src/helloworld.c:76:15: warning: excess elements in scalar initializer
   0x1A, 0x15, 0x11, 0x11,
               ^~~~
../src/helloworld.c:76:15: note: (near initialization for 'qrom_lum')
../src/helloworld.c:76:21: warning: excess elements in scalar initializer
   0x1A, 0x15, 0x11, 0x11,
                     ^~~~
../src/helloworld.c:76:21: note: (near initialization for 'qrom_lum')
../src/helloworld.c:77:3: warning: excess elements in scalar initializer
   0x18, 0x21, 0x18, 0x1A,
   ^~~~
../src/helloworld.c:77:3: note: (near initialization for 'qrom_lum')
../src/helloworld.c:77:9: warning: excess elements in scalar initializer
   0x18, 0x21, 0x18, 0x1A,
         ^~~~
../src/helloworld.c:77:9: note: (near initialization for 'qrom_lum')
../src/helloworld.c:77:15: warning: excess elements in scalar initializer
   0x18, 0x21, 0x18, 0x1A,
               ^~~~
../src/helloworld.c:77:15: note: (near initialization for 'qrom_lum')
../src/helloworld.c:77:21: warning: excess elements in scalar initializer
   0x18, 0x21, 0x18, 0x1A,
                     ^~~~
../src/helloworld.c:77:21: note: (near initialization for 'qrom_lum')
../src/helloworld.c:78:3: warning: excess elements in scalar initializer
   0x1D, 0x1D, 0x1F, 0x1F,
   ^~~~
../src/helloworld.c:78:3: note: (near initialization for 'qrom_lum')
../src/helloworld.c:78:9: warning: excess elements in scalar initializer
   0x1D, 0x1D, 0x1F, 0x1F,
         ^~~~
../src/helloworld.c:78:9: note: (near initialization for 'qrom_lum')
../src/helloworld.c:78:15: warning: excess elements in scalar initializer
   0x1D, 0x1D, 0x1F, 0x1F,
               ^~~~
../src/helloworld.c:78:15: note: (near initialization for 'qrom_lum')
../src/helloworld.c:78:21: warning: excess elements in scalar initializer
   0x1D, 0x1D, 0x1F, 0x1F,
                     ^~~~
../src/helloworld.c:78:21: note: (near initialization for 'qrom_lum')
../src/helloworld.c:79:3: warning: excess elements in scalar initializer
   0x1F, 0x13, 0x17, 0x22,
   ^~~~
../src/helloworld.c:79:3: note: (near initialization for 'qrom_lum')
../src/helloworld.c:79:9: warning: excess elements in scalar initializer
   0x1F, 0x13, 0x17, 0x22,
         ^~~~
../src/helloworld.c:79:9: note: (near initialization for 'qrom_lum')
../src/helloworld.c:79:15: warning: excess elements in scalar initializer
   0x1F, 0x13, 0x17, 0x22,
               ^~~~
../src/helloworld.c:79:15: note: (near initialization for 'qrom_lum')
../src/helloworld.c:79:21: warning: excess elements in scalar initializer
   0x1F, 0x13, 0x17, 0x22,
                     ^~~~
../src/helloworld.c:79:21: note: (near initialization for 'qrom_lum')
../src/helloworld.c:80:3: warning: excess elements in scalar initializer
   0x24, 0x22, 0x1E, 0x24,
   ^~~~
../src/helloworld.c:80:3: note: (near initialization for 'qrom_lum')
../src/helloworld.c:80:9: warning: excess elements in scalar initializer
[...]
collect2.exe: error: ld returned 1 exit status
make: *** [mmbellemusique.elf] Error 1
22:09:14 **** Auto Build of configuration Debug for project mmbellemusique ****
make pre-build main-build 
a9-linaro-pre-build-step
' '
'Building file: ../src/sdcard.c'
'Invoking: ARM v7 gcc compiler'
arm-none-eabi-gcc -Wall -O0 -g3 -c -fmessage-length=0 -MT"src/sdcard.o" -mcpu=cortex-a9 -mfpu=vfpv3 -mfloat-abi=hard -I../../mmbellemusique_bsp/ps7_cortexa9_0/include -MMD -MP -MF"src/sdcard.d" -MT"src/sdcard.o" -o "src/sdcard.o" "../src/sdcard.c"
../src/sdcard.c: In function 'lmai':
../src/sdcard.c:72:16: warning: unused variable 'offset' [-Wunused-variable]
  UINT br=1,i=0,offset=0;
                ^~~~~~
../src/sdcard.c:71:7: warning: unused variable 'data_to_send' [-Wunused-variable]
  char data_to_send[N_DATA_BYTES+1];
       ^~~~~~~~~~~~
'Finished building: ../src/sdcard.c'
' '
'Building target: mmbellemusique.elf'
'Invoking: ARM v7 gcc linker'
arm-none-eabi-gcc -mcpu=cortex-a9 -mfpu=vfpv3 -mfloat-abi=hard -Wl,-build-id=none -specs=Xilinx.spec -Wl,-T -Wl,../src/lscript.ld -L../../mmbellemusique_bsp/ps7_cortexa9_0/lib -o "mmbellemusique.elf"  ./src/helloworld.o ./src/platform.o ./src/sdcard.o   -Wl,--start-group,-lxil,-lgcc,-lc,--end-group -Wl,--start-group,-lxilffs,-lxil,-lgcc,-lc,--end-group
'Finished building target: mmbellemusique.elf'
' '
'Invoking: ARM v7 Print Size'
arm-none-eabi-size mmbellemusique.elf  |tee "mmbellemusique.elf.size"
   text	   data	    bss	    dec	    hex	filename
 123280	   2232	  25088	 150600	  24c48	mmbellemusique.elf
'Finished building: mmbellemusique.elf.size'
' '
22:09:22 **** Incremental Build of configuration Debug for project mmbellemusique ****
make pre-build main-build 
a9-linaro-pre-build-step
' '
make: Nothing to be done for `main-build'.
22:09:56 **** Incremental Build of configuration Debug for project mmbellemusique ****
make pre-build main-build 
a9-linaro-pre-build-step
' '
make: Nothing to be done for `main-build'.
22:10:47 **** Incremental Build of configuration Debug for project mmbellemusique ****
make pre-build main-build 
a9-linaro-pre-build-step
' '
'Building file: ../src/helloworld.c'
'Invoking: ARM v7 gcc compiler'
arm-none-eabi-gcc -Wall -O0 -g3 -c -fmessage-length=0 -MT"src/helloworld.o" -mcpu=cortex-a9 -mfpu=vfpv3 -mfloat-abi=hard -I../../mmbellemusique_bsp/ps7_cortexa9_0/include -MMD -MP -MF"src/helloworld.d" -MT"src/helloworld.o" -o "src/helloworld.o" "../src/helloworld.c"
'Finished building: ../src/helloworld.c'
' '
'Building target: mmbellemusique.elf'
'Invoking: ARM v7 gcc linker'
arm-none-eabi-gcc -mcpu=cortex-a9 -mfpu=vfpv3 -mfloat-abi=hard -Wl,-build-id=none -specs=Xilinx.spec -Wl,-T -Wl,../src/lscript.ld -L../../mmbellemusique_bsp/ps7_cortexa9_0/lib -o "mmbellemusique.elf"  ./src/helloworld.o ./src/platform.o ./src/sdcard.o   -Wl,--start-group,-lxil,-lgcc,-lc,--end-group -Wl,--start-group,-lxilffs,-lxil,-lgcc,-lc,--end-group
'Finished building target: mmbellemusique.elf'
' '
'Invoking: ARM v7 Print Size'
arm-none-eabi-size mmbellemusique.elf  |tee "mmbellemusique.elf.size"
   text	   data	    bss	    dec	    hex	filename
 123360	   2232	  25088	 150680	  24c98	mmbellemusique.elf
'Finished building: mmbellemusique.elf.size'
' '
22:12:25 **** Incremental Build of configuration Debug for project mmbellemusique ****
make pre-build main-build 
a9-linaro-pre-build-step
' '
'Building file: ../src/helloworld.c'
'Invoking: ARM v7 gcc compiler'
arm-none-eabi-gcc -Wall -O0 -g3 -c -fmessage-length=0 -MT"src/helloworld.o" -mcpu=cortex-a9 -mfpu=vfpv3 -mfloat-abi=hard -I../../mmbellemusique_bsp/ps7_cortexa9_0/include -MMD -MP -MF"src/helloworld.d" -MT"src/helloworld.o" -o "src/helloworld.o" "../src/helloworld.c"
../src/helloworld.c: In function 'main':
../src/helloworld.c:141:11: warning: unused variable 'newPtr' [-Wunused-variable]
    char * newPtr = val;
           ^~~~~~
../src/helloworld.c:140:8: warning: unused variable 'qrom_chr_size' [-Wunused-variable]
    int qrom_chr_size = sizeof(qrom_chr)/sizeof(qrom_chr[0]);
        ^~~~~~~~~~~~~
../src/helloworld.c:139:8: warning: unused variable 'qrom_lum_size' [-Wunused-variable]
    int qrom_lum_size = sizeof(qrom_lum)/sizeof(qrom_lum[0]);
        ^~~~~~~~~~~~~
../src/helloworld.c:138:14: warning: unused variable 'offset' [-Wunused-variable]
    UINT br=1,offset=0;
              ^~~~~~
../src/helloworld.c:138:9: warning: unused variable 'br' [-Wunused-variable]
    UINT br=1,offset=0;
         ^~
../src/helloworld.c:137:9: warning: unused variable 'data_to_send' [-Wunused-variable]
    char data_to_send[N_DATA_BYTES+1];
         ^~~~~~~~~~~~
../src/helloworld.c:135:11: warning: unused variable 'endPtr' [-Wunused-variable]
    char * endPtr;
           ^~~~~~
../src/helloworld.c:134:10: warning: unused variable 'fn' [-Wunused-variable]
    char* fn;
          ^~
../src/helloworld.c:133:8: warning: unused variable 'fp' [-Wunused-variable]
    FIL fp;
        ^~
../src/helloworld.c:132:8: warning: unused variable 'dir' [-Wunused-variable]
    DIR dir;
        ^~~
../src/helloworld.c:131:12: warning: unused variable 'fno' [-Wunused-variable]
    FILINFO fno;
            ^~~
../src/helloworld.c:130:12: warning: unused variable 'result' [-Wunused-variable]
    FRESULT result;
            ^~~~~~
../src/helloworld.c:129:8: warning: unused variable 'File_y' [-Wunused-variable]
    int File_y=640;
        ^~~~~~
../src/helloworld.c:128:8: warning: unused variable 'File_x' [-Wunused-variable]
    int File_x=480;
        ^~~~~~
'Finished building: ../src/helloworld.c'
' '
'Building target: mmbellemusique.elf'
'Invoking: ARM v7 gcc linker'
arm-none-eabi-gcc -mcpu=cortex-a9 -mfpu=vfpv3 -mfloat-abi=hard -Wl,-build-id=none -specs=Xilinx.spec -Wl,-T -Wl,../src/lscript.ld -L../../mmbellemusique_bsp/ps7_cortexa9_0/lib -o "mmbellemusique.elf"  ./src/helloworld.o ./src/platform.o ./src/sdcard.o   -Wl,--start-group,-lxil,-lgcc,-lc,--end-group -Wl,--start-group,-lxilffs,-lxil,-lgcc,-lc,--end-group
'Finished building target: mmbellemusique.elf'
' '
'Invoking: ARM v7 Print Size'
arm-none-eabi-size mmbellemusique.elf  |tee "mmbellemusique.elf.size"
   text	   data	    bss	    dec	    hex	filename
 119276	   2232	  25088	 146596	  23ca4	mmbellemusique.elf
'Finished building: mmbellemusique.elf.size'
' '
22:13:20 **** Incremental Build of configuration Debug for project mmbellemusique ****
make pre-build main-build 
a9-linaro-pre-build-step
' '
'Building file: ../src/helloworld.c'
'Invoking: ARM v7 gcc compiler'
arm-none-eabi-gcc -Wall -O0 -g3 -c -fmessage-length=0 -MT"src/helloworld.o" -mcpu=cortex-a9 -mfpu=vfpv3 -mfloat-abi=hard -I../../mmbellemusique_bsp/ps7_cortexa9_0/include -MMD -MP -MF"src/helloworld.d" -MT"src/helloworld.o" -o "src/helloworld.o" "../src/helloworld.c"
../src/helloworld.c: In function 'main':
../src/helloworld.c:141:20: error: 'val' undeclared (first use in this function)
    char * newPtr = val;
                    ^~~
../src/helloworld.c:141:20: note: each undeclared identifier is reported only once for each function it appears in
../src/helloworld.c:141:11: warning: unused variable 'newPtr' [-Wunused-variable]
    char * newPtr = val;
           ^~~~~~
../src/helloworld.c:140:8: warning: unused variable 'qrom_chr_size' [-Wunused-variable]
    int qrom_chr_size = sizeof(qrom_chr)/sizeof(qrom_chr[0]);
        ^~~~~~~~~~~~~
../src/helloworld.c:139:8: warning: unused variable 'qrom_lum_size' [-Wunused-variable]
    int qrom_lum_size = sizeof(qrom_lum)/sizeof(qrom_lum[0]);
        ^~~~~~~~~~~~~
../src/helloworld.c:138:14: warning: unused variable 'offset' [-Wunused-variable]
    UINT br=1,offset=0;
              ^~~~~~
../src/helloworld.c:138:9: warning: unused variable 'br' [-Wunused-variable]
    UINT br=1,offset=0;
         ^~
../src/helloworld.c:137:9: warning: unused variable 'data_to_send' [-Wunused-variable]
    char data_to_send[N_DATA_BYTES+1];
         ^~~~~~~~~~~~
../src/helloworld.c:135:11: warning: unused variable 'endPtr' [-Wunused-variable]
    char * endPtr;
           ^~~~~~
../src/helloworld.c:134:10: warning: unused variable 'fn' [-Wunused-variable]
    char* fn;
          ^~
../src/helloworld.c:133:8: warning: unused variable 'fp' [-Wunused-variable]
    FIL fp;
        ^~
../src/helloworld.c:132:8: warning: unused variable 'dir' [-Wunused-variable]
    DIR dir;
        ^~~
../src/helloworld.c:131:12: warning: unused variable 'fno' [-Wunused-variable]
    FILINFO fno;
            ^~~
../src/helloworld.c:130:12: warning: unused variable 'result' [-Wunused-variable]
    FRESULT result;
            ^~~~~~
../src/helloworld.c:129:8: warning: unused variable 'File_y' [-Wunused-variable]
    int File_y=640;
        ^~~~~~
../src/helloworld.c:128:8: warning: unused variable 'File_x' [-Wunused-variable]
    int File_x=480;
        ^~~~~~
make: *** [src/helloworld.o] Error 1
22:13:30 **** Incremental Build of configuration Debug for project mmbellemusique ****
make pre-build main-build 
a9-linaro-pre-build-step
' '
'Building file: ../src/helloworld.c'
'Invoking: ARM v7 gcc compiler'
arm-none-eabi-gcc -Wall -O0 -g3 -c -fmessage-length=0 -MT"src/helloworld.o" -mcpu=cortex-a9 -mfpu=vfpv3 -mfloat-abi=hard -I../../mmbellemusique_bsp/ps7_cortexa9_0/include -MMD -MP -MF"src/helloworld.d" -MT"src/helloworld.o" -o "src/helloworld.o" "../src/helloworld.c"
../src/helloworld.c: In function 'main':
../src/helloworld.c:140:8: warning: unused variable 'qrom_chr_size' [-Wunused-variable]
    int qrom_chr_size = sizeof(qrom_chr)/sizeof(qrom_chr[0]);
        ^~~~~~~~~~~~~
../src/helloworld.c:139:8: warning: unused variable 'qrom_lum_size' [-Wunused-variable]
    int qrom_lum_size = sizeof(qrom_lum)/sizeof(qrom_lum[0]);
        ^~~~~~~~~~~~~
../src/helloworld.c:138:14: warning: unused variable 'offset' [-Wunused-variable]
    UINT br=1,offset=0;
              ^~~~~~
../src/helloworld.c:138:9: warning: unused variable 'br' [-Wunused-variable]
    UINT br=1,offset=0;
         ^~
../src/helloworld.c:137:9: warning: unused variable 'data_to_send' [-Wunused-variable]
    char data_to_send[N_DATA_BYTES+1];
         ^~~~~~~~~~~~
../src/helloworld.c:135:11: warning: unused variable 'endPtr' [-Wunused-variable]
    char * endPtr;
           ^~~~~~
../src/helloworld.c:134:10: warning: unused variable 'fn' [-Wunused-variable]
    char* fn;
          ^~
../src/helloworld.c:133:8: warning: unused variable 'fp' [-Wunused-variable]
    FIL fp;
        ^~
../src/helloworld.c:132:8: warning: unused variable 'dir' [-Wunused-variable]
    DIR dir;
        ^~~
../src/helloworld.c:131:12: warning: unused variable 'fno' [-Wunused-variable]
    FILINFO fno;
            ^~~
../src/helloworld.c:130:12: warning: unused variable 'result' [-Wunused-variable]
    FRESULT result;
            ^~~~~~
../src/helloworld.c:129:8: warning: unused variable 'File_y' [-Wunused-variable]
    int File_y=640;
        ^~~~~~
../src/helloworld.c:128:8: warning: unused variable 'File_x' [-Wunused-variable]
    int File_x=480;
        ^~~~~~
'Finished building: ../src/helloworld.c'
' '
'Building target: mmbellemusique.elf'
'Invoking: ARM v7 gcc linker'
arm-none-eabi-gcc -mcpu=cortex-a9 -mfpu=vfpv3 -mfloat-abi=hard -Wl,-build-id=none -specs=Xilinx.spec -Wl,-T -Wl,../src/lscript.ld -L../../mmbellemusique_bsp/ps7_cortexa9_0/lib -o "mmbellemusique.elf"  ./src/helloworld.o ./src/platform.o ./src/sdcard.o   -Wl,--start-group,-lxil,-lgcc,-lc,--end-group -Wl,--start-group,-lxilffs,-lxil,-lgcc,-lc,--end-group
'Finished building target: mmbellemusique.elf'
' '
'Invoking: ARM v7 Print Size'
arm-none-eabi-size mmbellemusique.elf  |tee "mmbellemusique.elf.size"
   text	   data	    bss	    dec	    hex	filename
 119276	   2232	  25088	 146596	  23ca4	mmbellemusique.elf
'Finished building: mmbellemusique.elf.size'
' '
22:21:44 **** Auto Build of configuration Debug for project mmbellemusique ****
make pre-build main-build 
a9-linaro-pre-build-step
' '
'Building file: ../src/helloworld.c'
'Invoking: ARM v7 gcc compiler'
arm-none-eabi-gcc -Wall -O0 -g3 -c -fmessage-length=0 -MT"src/helloworld.o" -mcpu=cortex-a9 -mfpu=vfpv3 -mfloat-abi=hard -I../../mmbellemusique_bsp/ps7_cortexa9_0/include -MMD -MP -MF"src/helloworld.d" -MT"src/helloworld.o" -o "src/helloworld.o" "../src/helloworld.c"
'Finished building: ../src/helloworld.c'
' '
'Building target: mmbellemusique.elf'
'Invoking: ARM v7 gcc linker'
arm-none-eabi-gcc -mcpu=cortex-a9 -mfpu=vfpv3 -mfloat-abi=hard -Wl,-build-id=none -specs=Xilinx.spec -Wl,-T -Wl,../src/lscript.ld -L../../mmbellemusique_bsp/ps7_cortexa9_0/lib -o "mmbellemusique.elf"  ./src/helloworld.o ./src/platform.o ./src/sdcard.o   -Wl,--start-group,-lxil,-lgcc,-lc,--end-group -Wl,--start-group,-lxilffs,-lxil,-lgcc,-lc,--end-group
'Finished building target: mmbellemusique.elf'
' '
'Invoking: ARM v7 Print Size'
arm-none-eabi-size mmbellemusique.elf  |tee "mmbellemusique.elf.size"
   text	   data	    bss	    dec	    hex	filename
 123296	   2232	  25088	 150616	  24c58	mmbellemusique.elf
'Finished building: mmbellemusique.elf.size'
' '
22:21:57 **** Incremental Build of configuration Debug for project mmbellemusique ****
make pre-build main-build 
a9-linaro-pre-build-step
' '
make: Nothing to be done for `main-build'.
22:22:38 **** Incremental Build of configuration Debug for project mmbellemusique ****
make pre-build main-build 
a9-linaro-pre-build-step
' '
'Building file: ../src/helloworld.c'
'Invoking: ARM v7 gcc compiler'
arm-none-eabi-gcc -Wall -O0 -g3 -c -fmessage-length=0 -MT"src/helloworld.o" -mcpu=cortex-a9 -mfpu=vfpv3 -mfloat-abi=hard -I../../mmbellemusique_bsp/ps7_cortexa9_0/include -MMD -MP -MF"src/helloworld.d" -MT"src/helloworld.o" -o "src/helloworld.o" "../src/helloworld.c"
../src/helloworld.c: In function 'main':
../src/helloworld.c:179:5: error: 'Only' undeclared (first use in this function)
     Only for debugging
     ^~~~
../src/helloworld.c:179:5: note: each undeclared identifier is reported only once for each function it appears in
../src/helloworld.c:179:10: error: expected ';' before 'for'
     Only for debugging
          ^~~
make: *** [src/helloworld.o] Error 1
22:22:55 **** Incremental Build of configuration Debug for project mmbellemusique ****
make pre-build main-build 
a9-linaro-pre-build-step
' '
'Building file: ../src/helloworld.c'
'Invoking: ARM v7 gcc compiler'
arm-none-eabi-gcc -Wall -O0 -g3 -c -fmessage-length=0 -MT"src/helloworld.o" -mcpu=cortex-a9 -mfpu=vfpv3 -mfloat-abi=hard -I../../mmbellemusique_bsp/ps7_cortexa9_0/include -MMD -MP -MF"src/helloworld.d" -MT"src/helloworld.o" -o "src/helloworld.o" "../src/helloworld.c"
'Finished building: ../src/helloworld.c'
' '
'Building target: mmbellemusique.elf'
'Invoking: ARM v7 gcc linker'
arm-none-eabi-gcc -mcpu=cortex-a9 -mfpu=vfpv3 -mfloat-abi=hard -Wl,-build-id=none -specs=Xilinx.spec -Wl,-T -Wl,../src/lscript.ld -L../../mmbellemusique_bsp/ps7_cortexa9_0/lib -o "mmbellemusique.elf"  ./src/helloworld.o ./src/platform.o ./src/sdcard.o   -Wl,--start-group,-lxil,-lgcc,-lc,--end-group -Wl,--start-group,-lxilffs,-lxil,-lgcc,-lc,--end-group
'Finished building target: mmbellemusique.elf'
' '
'Invoking: ARM v7 Print Size'
arm-none-eabi-size mmbellemusique.elf  |tee "mmbellemusique.elf.size"
   text	   data	    bss	    dec	    hex	filename
 123308	   2232	  25088	 150628	  24c64	mmbellemusique.elf
'Finished building: mmbellemusique.elf.size'
' '
22:23:51 **** Auto Build of configuration Debug for project mmbellemusique ****
make pre-build main-build 
a9-linaro-pre-build-step
' '
'Building file: ../src/helloworld.c'
'Invoking: ARM v7 gcc compiler'
arm-none-eabi-gcc -Wall -O0 -g3 -c -fmessage-length=0 -MT"src/helloworld.o" -mcpu=cortex-a9 -mfpu=vfpv3 -mfloat-abi=hard -I../../mmbellemusique_bsp/ps7_cortexa9_0/include -MMD -MP -MF"src/helloworld.d" -MT"src/helloworld.o" -o "src/helloworld.o" "../src/helloworld.c"
'Finished building: ../src/helloworld.c'
' '
'Building target: mmbellemusique.elf'
'Invoking: ARM v7 gcc linker'
arm-none-eabi-gcc -mcpu=cortex-a9 -mfpu=vfpv3 -mfloat-abi=hard -Wl,-build-id=none -specs=Xilinx.spec -Wl,-T -Wl,../src/lscript.ld -L../../mmbellemusique_bsp/ps7_cortexa9_0/lib -o "mmbellemusique.elf"  ./src/helloworld.o ./src/platform.o ./src/sdcard.o   -Wl,--start-group,-lxil,-lgcc,-lc,--end-group -Wl,--start-group,-lxilffs,-lxil,-lgcc,-lc,--end-group
'Finished building target: mmbellemusique.elf'
' '
'Invoking: ARM v7 Print Size'
arm-none-eabi-size mmbellemusique.elf  |tee "mmbellemusique.elf.size"
   text	   data	    bss	    dec	    hex	filename
 123412	   2232	  25088	 150732	  24ccc	mmbellemusique.elf
'Finished building: mmbellemusique.elf.size'
' '
22:23:52 **** Incremental Build of configuration Debug for project mmbellemusique ****
make pre-build main-build 
a9-linaro-pre-build-step
' '
make: Nothing to be done for `main-build'.
22:24:35 **** Incremental Build of configuration Debug for project mmbellemusique ****
make pre-build main-build 
a9-linaro-pre-build-step
' '
make: Nothing to be done for `main-build'.
22:29:40 **** Incremental Build of configuration Debug for project mmbellemusique ****
make pre-build main-build 
a9-linaro-pre-build-step
' '
'Building file: ../src/helloworld.c'
'Invoking: ARM v7 gcc compiler'
arm-none-eabi-gcc -Wall -O0 -g3 -c -fmessage-length=0 -MT"src/helloworld.o" -mcpu=cortex-a9 -mfpu=vfpv3 -mfloat-abi=hard -I../../mmbellemusique_bsp/ps7_cortexa9_0/include -MMD -MP -MF"src/helloworld.d" -MT"src/helloworld.o" -o "src/helloworld.o" "../src/helloworld.c"
'Finished building: ../src/helloworld.c'
' '
'Building target: mmbellemusique.elf'
'Invoking: ARM v7 gcc linker'
arm-none-eabi-gcc -mcpu=cortex-a9 -mfpu=vfpv3 -mfloat-abi=hard -Wl,-build-id=none -specs=Xilinx.spec -Wl,-T -Wl,../src/lscript.ld -L../../mmbellemusique_bsp/ps7_cortexa9_0/lib -o "mmbellemusique.elf"  ./src/helloworld.o ./src/platform.o ./src/sdcard.o   -Wl,--start-group,-lxil,-lgcc,-lc,--end-group -Wl,--start-group,-lxilffs,-lxil,-lgcc,-lc,--end-group
'Finished building target: mmbellemusique.elf'
' '
'Invoking: ARM v7 Print Size'
arm-none-eabi-size mmbellemusique.elf  |tee "mmbellemusique.elf.size"
   text	   data	    bss	    dec	    hex	filename
 123284	   2232	  25088	 150604	  24c4c	mmbellemusique.elf
'Finished building: mmbellemusique.elf.size'
' '
22:33:17 **** Incremental Build of configuration Debug for project mmbellemusique ****
make pre-build main-build 
a9-linaro-pre-build-step
' '
make: Nothing to be done for `main-build'.
22:37:16 **** Auto Build of configuration Debug for project mmbellemusique ****
make pre-build main-build 
a9-linaro-pre-build-step
' '
'Building file: ../src/helloworld.c'
'Invoking: ARM v7 gcc compiler'
arm-none-eabi-gcc -Wall -O0 -g3 -c -fmessage-length=0 -MT"src/helloworld.o" -mcpu=cortex-a9 -mfpu=vfpv3 -mfloat-abi=hard -I../../mmbellemusique_bsp/ps7_cortexa9_0/include -MMD -MP -MF"src/helloworld.d" -MT"src/helloworld.o" -o "src/helloworld.o" "../src/helloworld.c"
'Finished building: ../src/helloworld.c'
' '
'Building target: mmbellemusique.elf'
'Invoking: ARM v7 gcc linker'
arm-none-eabi-gcc -mcpu=cortex-a9 -mfpu=vfpv3 -mfloat-abi=hard -Wl,-build-id=none -specs=Xilinx.spec -Wl,-T -Wl,../src/lscript.ld -L../../mmbellemusique_bsp/ps7_cortexa9_0/lib -o "mmbellemusique.elf"  ./src/helloworld.o ./src/platform.o ./src/sdcard.o   -Wl,--start-group,-lxil,-lgcc,-lc,--end-group -Wl,--start-group,-lxilffs,-lxil,-lgcc,-lc,--end-group
'Finished building target: mmbellemusique.elf'
' '
'Invoking: ARM v7 Print Size'
arm-none-eabi-size mmbellemusique.elf  |tee "mmbellemusique.elf.size"
   text	   data	    bss	    dec	    hex	filename
 123412	   2232	  25088	 150732	  24ccc	mmbellemusique.elf
'Finished building: mmbellemusique.elf.size'
' '
22:39:31 **** Incremental Build of configuration Debug for project mmbellemusique ****
make pre-build main-build 
a9-linaro-pre-build-step
' '
make: Nothing to be done for `main-build'.
